../Core/Src/main.c:86:6:wait	24	static
../Core/Src/main.c:93:6:turn_all_off	8	static
../Core/Src/main.c:99:6:turn_specific_light_on	16	static
../Core/Src/main.c:104:6:blink_specific_light	32	static
../Core/Src/main.c:115:5:check_starts_with	24	static
../Core/Src/main.c:124:7:concat	32	static
../Core/Src/main.c:131:6:next	16	static
../Core/Src/main.c:139:6:write_char_to_buff	16	static
../Core/Src/main.c:144:6:append_to_sending_buffer_by_uart	32	static
../Core/Src/main.c:157:6:write_about_info_command	128	static
../Core/Src/main.c:191:6:write_command_not_found	16	static
../Core/Src/main.c:196:5:parse_number	24	static
../Core/Src/main.c:203:6:parse_symbol_if_available	32	static
../Core/Src/main.c:287:6:turn_green_light_off	8	static
../Core/Src/main.c:296:9:get_BTN	8	static
../Core/Src/main.c:306:5:main	16	static
../Core/Src/main.c:441:6:SystemClock_Config	88	static
../Core/Src/main.c:486:6:HAL_UART_RxCpltCallback	16	static
../Core/Src/main.c:499:6:HAL_UART_TxCpltCallback	16	static
../Core/Src/main.c:512:6:Error_Handler	4	static,ignoring_inline_asm
