../Core/Src/my_sound.c:30:6:restart_timer	4	static
../Core/Src/my_sound.c:34:6:mute	4	static
../Core/Src/my_sound.c:38:6:unmute	4	static
../Core/Src/my_sound.c:42:6:set_frequency	16	static
../Core/Src/my_sound.c:47:10:get_frequency_by_index	16	static
../Core/Src/my_sound.c:54:6:set_default_value_for_sound	8	static
../Core/Src/my_sound.c:60:10:get_current_octave_number	4	static
../Core/Src/my_sound.c:63:10:get_current_duration	4	static
../Core/Src/my_sound.c:66:7:get_note_name	16	static
../Core/Src/my_sound.c:70:6:play	120	static
../Core/Src/my_sound.c:90:6:start_all_playing	8	static
../Core/Src/my_sound.c:99:6:octave_decrease_if_available	4	static
../Core/Src/my_sound.c:104:6:octave_increase_if_available	4	static
../Core/Src/my_sound.c:109:6:duration_decrease_if_available	8	static
../Core/Src/my_sound.c:117:6:duration_increase_if_available	8	static
