../Core/Src/main.c:57:6:turn_red_light_on	8	static
../Core/Src/main.c:62:6:turn_yellow_light_on	8	static
../Core/Src/main.c:67:6:turn_red_and_yellow_lights_off	8	static
../Core/Src/main.c:72:6:turn_green_light_on	8	static
../Core/Src/main.c:76:6:turn_green_light_off	8	static
../Core/Src/main.c:80:10:get_passed_time	16	static
../Core/Src/main.c:84:9:get_BTN	8	static
../Core/Src/main.c:95:5:main	40	static
../Core/Src/main.c:215:6:SystemClock_Config	88	static
../Core/Src/main.c:271:6:Error_Handler	4	static,ignoring_inline_asm
