11:29:04 **** Incremental Build of configuration Debug for project Lab-3 ****
make -j12 all 
arm-none-eabi-gcc "../Core/Src/kb.c" -mcpu=cortex-m4 -std=gnu11 -g3 -DDEBUG -DUSE_HAL_DRIVER -DSTM32F427xx -c -I../Core/Inc -I../Drivers/STM32F4xx_HAL_Driver/Inc -I../Drivers/STM32F4xx_HAL_Driver/Inc/Legacy -I../Drivers/CMSIS/Device/ST/STM32F4xx/Include -I../Drivers/CMSIS/Include -O0 -ffunction-sections -fdata-sections -Wall -fstack-usage -MMD -MP -MF"Core/Src/kb.d" -MT"Core/Src/kb.o" --specs=nano.specs -mfpu=fpv4-sp-d16 -mfloat-abi=hard -mthumb -o "Core/Src/kb.o"
arm-none-eabi-gcc "../Core/Src/my_logic.c" -mcpu=cortex-m4 -std=gnu11 -g3 -DDEBUG -DUSE_HAL_DRIVER -DSTM32F427xx -c -I../Core/Inc -I../Drivers/STM32F4xx_HAL_Driver/Inc -I../Drivers/STM32F4xx_HAL_Driver/Inc/Legacy -I../Drivers/CMSIS/Device/ST/STM32F4xx/Include -I../Drivers/CMSIS/Include -O0 -ffunction-sections -fdata-sections -Wall -fstack-usage -MMD -MP -MF"Core/Src/my_logic.d" -MT"Core/Src/my_logic.o" --specs=nano.specs -mfpu=fpv4-sp-d16 -mfloat-abi=hard -mthumb -o "Core/Src/my_logic.o"
../Core/Src/kb.c: In function 'Set_Keyboard':
../Core/Src/kb.c:16:3: warning: implicit declaration of function 'UART_Transmit'; did you mean 'HAL_UART_Transmit'? [-Wimplicit-function-declaration]
   16 |   UART_Transmit((uint8_t*)"Error write polarity\n");
      |   ^~~~~~~~~~~~~
      |   HAL_UART_Transmit
In file included from ../Core/Src/my_logic.c:13:
../Core/Src/kb.c: In function 'Set_Keyboard':
../Core/Src/kb.c:16:3: warning: implicit declaration of function 'UART_Transmit'; did you mean 'HAL_UART_Transmit'? [-Wimplicit-function-declaration]
   16 |   UART_Transmit((uint8_t*)"Error write polarity\n");
      |   ^~~~~~~~~~~~~
      |   HAL_UART_Transmit
../Core/Src/my_logic.c: In function 'parse_symbol':
../Core/Src/my_logic.c:39:43: warning: format '%d' expects argument of type 'int', but argument 3 has type 'uint32_t' {aka 'long unsigned int'} [-Wformat=]
   39 |    sprintf(answer, "New octave_index is: %d",
      |                                          ~^
      |                                           |
      |                                           int
      |                                          %ld
   40 |      get_current_octave_number());
      |      ~~~~~~~~~~~~~~~~~~~~~~~~~~~           
      |      |
      |      uint32_t {aka long unsigned int}
../Core/Src/my_logic.c:45:43: warning: format '%d' expects argument of type 'int', but argument 3 has type 'uint32_t' {aka 'long unsigned int'} [-Wformat=]
   45 |    sprintf(answer, "New octave_index is: %d",
      |                                          ~^
      |                                           |
      |                                           int
      |                                          %ld
   46 |      get_current_octave_number());
      |      ~~~~~~~~~~~~~~~~~~~~~~~~~~~           
      |      |
      |      uint32_t {aka long unsigned int}
../Core/Src/my_logic.c:51:39: warning: format '%d' expects argument of type 'int', but argument 3 has type 'uint32_t' {aka 'long unsigned int'} [-Wformat=]
   51 |    sprintf(answer, "New duration is: %d ms", get_current_duration());
      |                                      ~^      ~~~~~~~~~~~~~~~~~~~~~~
      |                                       |      |
      |                                       int    uint32_t {aka long unsigned int}
      |                                      %ld
../Core/Src/my_logic.c:56:39: warning: format '%d' expects argument of type 'int', but argument 3 has type 'uint32_t' {aka 'long unsigned int'} [-Wformat=]
   56 |    sprintf(answer, "New duration is: %d ms", get_current_duration());
      |                                      ~^      ~~~~~~~~~~~~~~~~~~~~~~
      |                                       |      |
      |                                       int    uint32_t {aka long unsigned int}
      |                                      %ld
arm-none-eabi-gcc -o "Lab-3.elf" @"objects.list"   -mcpu=cortex-m4 -T"C:\Users\kastr\gitTrash\ITMO-DCS\Lab-3\STM32F427VITX_FLASH.ld" --specs=nosys.specs -Wl,-Map="Lab-3.map" -Wl,--gc-sections -static --specs=nano.specs -mfpu=fpv4-sp-d16 -mfloat-abi=hard -mthumb -Wl,--start-group -lc -lm -Wl,--end-group
c:\st\stm32cubeide_1.9.0\stm32cubeide\plugins\com.st.stm32cube.ide.mcu.externaltools.gnu-tools-for-stm32.10.3-2021.10.win32_1.0.0.202111181127\tools\arm-none-eabi\bin\ld.exe: ./Core/Src/my_logic.o: in function `Set_Keyboard':
C:/Users/kastr/gitTrash/ITMO-DCS/Lab-3/Debug/../Core/Src/kb.c:9: multiple definition of `Set_Keyboard'; ./Core/Src/kb.o:C:/Users/kastr/gitTrash/ITMO-DCS/Lab-3/Debug/../Core/Src/kb.c:9: first defined here
c:\st\stm32cubeide_1.9.0\stm32cubeide\plugins\com.st.stm32cube.ide.mcu.externaltools.gnu-tools-for-stm32.10.3-2021.10.win32_1.0.0.202111181127\tools\arm-none-eabi\bin\ld.exe: ./Core/Src/my_logic.o: in function `Get_Key':
C:/Users/kastr/gitTrash/ITMO-DCS/Lab-3/Debug/../Core/Src/kb.c:109: multiple definition of `Get_Key'; ./Core/Src/kb.o:C:/Users/kastr/gitTrash/ITMO-DCS/Lab-3/Debug/../Core/Src/kb.c:109: first defined here
collect2.exe: error: ld returned 1 exit status
make: *** [makefile:64: Lab-3.elf] Error 1
"make -j12 all" terminated with exit code 2. Build might be incomplete.
11:38:16 **** Incremental Build of configuration Debug for project Lab-3 ****
make -j12 all 
arm-none-eabi-gcc "../Core/Src/kb.c" -mcpu=cortex-m4 -std=gnu11 -g3 -DDEBUG -DUSE_HAL_DRIVER -DSTM32F427xx -c -I../Core/Inc -I../Drivers/STM32F4xx_HAL_Driver/Inc -I../Drivers/STM32F4xx_HAL_Driver/Inc/Legacy -I../Drivers/CMSIS/Device/ST/STM32F4xx/Include -I../Drivers/CMSIS/Include -O0 -ffunction-sections -fdata-sections -Wall -fstack-usage -MMD -MP -MF"Core/Src/kb.d" -MT"Core/Src/kb.o" --specs=nano.specs -mfpu=fpv4-sp-d16 -mfloat-abi=hard -mthumb -o "Core/Src/kb.o"
arm-none-eabi-gcc "../Core/Src/my_logic.c" -mcpu=cortex-m4 -std=gnu11 -g3 -DDEBUG -DUSE_HAL_DRIVER -DSTM32F427xx -c -I../Core/Inc -I../Drivers/STM32F4xx_HAL_Driver/Inc -I../Drivers/STM32F4xx_HAL_Driver/Inc/Legacy -I../Drivers/CMSIS/Device/ST/STM32F4xx/Include -I../Drivers/CMSIS/Include -O0 -ffunction-sections -fdata-sections -Wall -fstack-usage -MMD -MP -MF"Core/Src/my_logic.d" -MT"Core/Src/my_logic.o" --specs=nano.specs -mfpu=fpv4-sp-d16 -mfloat-abi=hard -mthumb -o "Core/Src/my_logic.o"
../Core/Src/kb.c: In function 'Get_Key':
../Core/Src/kb.c:117:3: warning: implicit declaration of function 'UART_Transmit'; did you mean 'HAL_UART_Transmit'? [-Wimplicit-function-declaration]
  117 |   UART_Transmit((uint8_t*)"Error write init\n");
      |   ^~~~~~~~~~~~~
      |   HAL_UART_Transmit
In file included from ../Core/Src/my_logic.c:13:
../Core/Src/kb.c: In function 'Get_Key':
../Core/Src/kb.c:117:3: warning: implicit declaration of function 'UART_Transmit'; did you mean 'HAL_UART_Transmit'? [-Wimplicit-function-declaration]
  117 |   UART_Transmit((uint8_t*)"Error write init\n");
      |   ^~~~~~~~~~~~~
      |   HAL_UART_Transmit
../Core/Src/my_logic.c: In function 'parse_symbol_if_available':
../Core/Src/my_logic.c:19:15: warning: implicit declaration of function 'read_char_by_kb'; did you mean 'read_char_by_uart'? [-Wimplicit-function-declaration]
   19 |  char* symb = read_char_by_kb();
      |               ^~~~~~~~~~~~~~~
      |               read_char_by_uart
../Core/Src/my_logic.c:19:15: warning: initialization of 'char *' from 'int' makes pointer from integer without a cast [-Wint-conversion]
../Core/Src/my_logic.c:22:2: warning: implicit declaration of function 'parse_symbol'; did you mean 'parse_number'? [-Wimplicit-function-declaration]
   22 |  parse_symbol(*symb);
      |  ^~~~~~~~~~~~
      |  parse_number
../Core/Src/my_logic.c: At top level:
../Core/Src/my_logic.c:25:7: error: conflicting types for 'read_char_by_kb'
   25 | char* read_char_by_kb() {
      |       ^~~~~~~~~~~~~~~
../Core/Src/my_logic.c:19:15: note: previous implicit declaration of 'read_char_by_kb' was here
   19 |  char* symb = read_char_by_kb();
      |               ^~~~~~~~~~~~~~~
../Core/Src/my_logic.c:30:6: warning: conflicting types for 'parse_symbol'
   30 | void parse_symbol(char symbol){
      |      ^~~~~~~~~~~~
../Core/Src/my_logic.c:22:2: note: previous implicit declaration of 'parse_symbol' was here
   22 |  parse_symbol(*symb);
      |  ^~~~~~~~~~~~
../Core/Src/my_logic.c: In function 'parse_symbol':
../Core/Src/my_logic.c:39:43: warning: format '%d' expects argument of type 'int', but argument 3 has type 'uint32_t' {aka 'long unsigned int'} [-Wformat=]
   39 |    sprintf(answer, "New octave_index is: %d",
      |                                          ~^
      |                                           |
      |                                           int
      |                                          %ld
   40 |      get_current_octave_number());
      |      ~~~~~~~~~~~~~~~~~~~~~~~~~~~           
      |      |
      |      uint32_t {aka long unsigned int}
../Core/Src/my_logic.c:45:43: warning: format '%d' expects argument of type 'int', but argument 3 has type 'uint32_t' {aka 'long unsigned int'} [-Wformat=]
   45 |    sprintf(answer, "New octave_index is: %d",
      |                                          ~^
      |                                           |
      |                                           int
      |                                          %ld
   46 |      get_current_octave_number());
      |      ~~~~~~~~~~~~~~~~~~~~~~~~~~~           
      |      |
      |      uint32_t {aka long unsigned int}
../Core/Src/my_logic.c:51:39: warning: format '%d' expects argument of type 'int', but argument 3 has type 'uint32_t' {aka 'long unsigned int'} [-Wformat=]
   51 |    sprintf(answer, "New duration is: %d ms", get_current_duration());
      |                                      ~^      ~~~~~~~~~~~~~~~~~~~~~~
      |                                       |      |
      |                                       int    uint32_t {aka long unsigned int}
      |                                      %ld
../Core/Src/my_logic.c:56:39: warning: format '%d' expects argument of type 'int', but argument 3 has type 'uint32_t' {aka 'long unsigned int'} [-Wformat=]
   56 |    sprintf(answer, "New duration is: %d ms", get_current_duration());
      |                                      ~^      ~~~~~~~~~~~~~~~~~~~~~~
      |                                       |      |
      |                                       int    uint32_t {aka long unsigned int}
      |                                      %ld
make: *** [Core/Src/subdir.mk:64: Core/Src/my_logic.o] Error 1
make: *** Waiting for unfinished jobs....
"make -j12 all" terminated with exit code 2. Build might be incomplete.
11:38:55 **** Incremental Build of configuration Debug for project Lab-3 ****
make -j12 all 
arm-none-eabi-gcc "../Core/Src/my_logic.c" -mcpu=cortex-m4 -std=gnu11 -g3 -DDEBUG -DUSE_HAL_DRIVER -DSTM32F427xx -c -I../Core/Inc -I../Drivers/STM32F4xx_HAL_Driver/Inc -I../Drivers/STM32F4xx_HAL_Driver/Inc/Legacy -I../Drivers/CMSIS/Device/ST/STM32F4xx/Include -I../Drivers/CMSIS/Include -O0 -ffunction-sections -fdata-sections -Wall -fstack-usage -MMD -MP -MF"Core/Src/my_logic.d" -MT"Core/Src/my_logic.o" --specs=nano.specs -mfpu=fpv4-sp-d16 -mfloat-abi=hard -mthumb -o "Core/Src/my_logic.o"
In file included from ../Core/Src/my_logic.c:13:
../Core/Src/kb.c: In function 'Get_Key':
../Core/Src/kb.c:117:3: warning: implicit declaration of function 'UART_Transmit'; did you mean 'HAL_UART_Transmit'? [-Wimplicit-function-declaration]
  117 |   UART_Transmit((uint8_t*)"Error write init\n");
      |   ^~~~~~~~~~~~~
      |   HAL_UART_Transmit
../Core/Src/my_logic.c: In function 'parse_symbol_if_available':
../Core/Src/my_logic.c:19:15: warning: implicit declaration of function 'read_char_by_kb'; did you mean 'read_char_by_uart'? [-Wimplicit-function-declaration]
   19 |  char* symb = read_char_by_kb();
      |               ^~~~~~~~~~~~~~~
      |               read_char_by_uart
../Core/Src/my_logic.c:19:15: warning: initialization of 'char *' from 'int' makes pointer from integer without a cast [-Wint-conversion]
../Core/Src/my_logic.c:22:2: warning: implicit declaration of function 'parse_symbol'; did you mean 'parse_number'? [-Wimplicit-function-declaration]
   22 |  parse_symbol(*symb);
      |  ^~~~~~~~~~~~
      |  parse_number
../Core/Src/my_logic.c: At top level:
../Core/Src/my_logic.c:25:7: error: conflicting types for 'read_char_by_kb'
   25 | char* read_char_by_kb() {
      |       ^~~~~~~~~~~~~~~
../Core/Src/my_logic.c:19:15: note: previous implicit declaration of 'read_char_by_kb' was here
   19 |  char* symb = read_char_by_kb();
      |               ^~~~~~~~~~~~~~~
../Core/Src/my_logic.c:30:6: warning: conflicting types for 'parse_symbol'
   30 | void parse_symbol(char symbol){
      |      ^~~~~~~~~~~~
../Core/Src/my_logic.c:22:2: note: previous implicit declaration of 'parse_symbol' was here
   22 |  parse_symbol(*symb);
      |  ^~~~~~~~~~~~
../Core/Src/my_logic.c: In function 'parse_symbol':
../Core/Src/my_logic.c:39:43: warning: format '%d' expects argument of type 'int', but argument 3 has type 'uint32_t' {aka 'long unsigned int'} [-Wformat=]
   39 |    sprintf(answer, "New octave_index is: %d",
      |                                          ~^
      |                                           |
      |                                           int
      |                                          %ld
   40 |      get_current_octave_number());
      |      ~~~~~~~~~~~~~~~~~~~~~~~~~~~           
      |      |
      |      uint32_t {aka long unsigned int}
../Core/Src/my_logic.c:45:43: warning: format '%d' expects argument of type 'int', but argument 3 has type 'uint32_t' {aka 'long unsigned int'} [-Wformat=]
   45 |    sprintf(answer, "New octave_index is: %d",
      |                                          ~^
      |                                           |
      |                                           int
      |                                          %ld
   46 |      get_current_octave_number());
      |      ~~~~~~~~~~~~~~~~~~~~~~~~~~~           
      |      |
      |      uint32_t {aka long unsigned int}
../Core/Src/my_logic.c:51:39: warning: format '%d' expects argument of type 'int', but argument 3 has type 'uint32_t' {aka 'long unsigned int'} [-Wformat=]
   51 |    sprintf(answer, "New duration is: %d ms", get_current_duration());
      |                                      ~^      ~~~~~~~~~~~~~~~~~~~~~~
      |                                       |      |
      |                                       int    uint32_t {aka long unsigned int}
      |                                      %ld
../Core/Src/my_logic.c:56:39: warning: format '%d' expects argument of type 'int', but argument 3 has type 'uint32_t' {aka 'long unsigned int'} [-Wformat=]
   56 |    sprintf(answer, "New duration is: %d ms", get_current_duration());
      |                                      ~^      ~~~~~~~~~~~~~~~~~~~~~~
      |                                       |      |
      |                                       int    uint32_t {aka long unsigned int}
      |                                      %ld
make: *** [Core/Src/subdir.mk:64: Core/Src/my_logic.o] Error 1
"make -j12 all" terminated with exit code 2. Build might be incomplete.
11:39:26 **** Incremental Build of configuration Debug for project Lab-1 ****
make -j12 all 
arm-none-eabi-size   Lab-1.elf 
   text	   data	    bss	    dec	    hex	filename
   6716	     20	   1572	   8308	   2074	Lab-1.elf
Finished building: default.size.stdout
 
11:39:26 **** Incremental Build of configuration Debug for project Lab-2 ****
make -j12 all 
arm-none-eabi-size   Lab-2.elf 
   text	   data	    bss	    dec	    hex	filename
  21736	    164	   1876	  23776	   5ce0	Lab-2.elf
Finished building: default.size.stdout
 
11:39:27 **** Incremental Build of configuration Debug for project Lab-3 ****
make -j12 all 
arm-none-eabi-gcc "../Core/Src/my_logic.c" -mcpu=cortex-m4 -std=gnu11 -g3 -DDEBUG -DUSE_HAL_DRIVER -DSTM32F427xx -c -I../Core/Inc -I../Drivers/STM32F4xx_HAL_Driver/Inc -I../Drivers/STM32F4xx_HAL_Driver/Inc/Legacy -I../Drivers/CMSIS/Device/ST/STM32F4xx/Include -I../Drivers/CMSIS/Include -O0 -ffunction-sections -fdata-sections -Wall -fstack-usage -MMD -MP -MF"Core/Src/my_logic.d" -MT"Core/Src/my_logic.o" --specs=nano.specs -mfpu=fpv4-sp-d16 -mfloat-abi=hard -mthumb -o "Core/Src/my_logic.o"
In file included from ../Core/Src/my_logic.c:13:
../Core/Src/kb.c: In function 'Get_Key':
../Core/Src/kb.c:117:3: warning: implicit declaration of function 'UART_Transmit'; did you mean 'HAL_UART_Transmit'? [-Wimplicit-function-declaration]
  117 |   UART_Transmit((uint8_t*)"Error write init\n");
      |   ^~~~~~~~~~~~~
      |   HAL_UART_Transmit
../Core/Src/my_logic.c: In function 'parse_symbol_if_available':
../Core/Src/my_logic.c:19:15: warning: implicit declaration of function 'read_char_by_kb'; did you mean 'read_char_by_uart'? [-Wimplicit-function-declaration]
   19 |  char* symb = read_char_by_kb();
      |               ^~~~~~~~~~~~~~~
      |               read_char_by_uart
../Core/Src/my_logic.c:19:15: warning: initialization of 'char *' from 'int' makes pointer from integer without a cast [-Wint-conversion]
../Core/Src/my_logic.c:22:2: warning: implicit declaration of function 'parse_symbol'; did you mean 'parse_number'? [-Wimplicit-function-declaration]
   22 |  parse_symbol(*symb);
      |  ^~~~~~~~~~~~
      |  parse_number
../Core/Src/my_logic.c: At top level:
../Core/Src/my_logic.c:25:7: error: conflicting types for 'read_char_by_kb'
   25 | char* read_char_by_kb() {
      |       ^~~~~~~~~~~~~~~
../Core/Src/my_logic.c:19:15: note: previous implicit declaration of 'read_char_by_kb' was here
   19 |  char* symb = read_char_by_kb();
      |               ^~~~~~~~~~~~~~~
../Core/Src/my_logic.c:30:6: warning: conflicting types for 'parse_symbol'
   30 | void parse_symbol(char symbol){
      |      ^~~~~~~~~~~~
../Core/Src/my_logic.c:22:2: note: previous implicit declaration of 'parse_symbol' was here
   22 |  parse_symbol(*symb);
      |  ^~~~~~~~~~~~
../Core/Src/my_logic.c: In function 'parse_symbol':
../Core/Src/my_logic.c:39:43: warning: format '%d' expects argument of type 'int', but argument 3 has type 'uint32_t' {aka 'long unsigned int'} [-Wformat=]
   39 |    sprintf(answer, "New octave_index is: %d",
      |                                          ~^
      |                                           |
      |                                           int
      |                                          %ld
   40 |      get_current_octave_number());
      |      ~~~~~~~~~~~~~~~~~~~~~~~~~~~           
      |      |
      |      uint32_t {aka long unsigned int}
../Core/Src/my_logic.c:45:43: warning: format '%d' expects argument of type 'int', but argument 3 has type 'uint32_t' {aka 'long unsigned int'} [-Wformat=]
   45 |    sprintf(answer, "New octave_index is: %d",
      |                                          ~^
      |                                           |
      |                                           int
      |                                          %ld
   46 |      get_current_octave_number());
      |      ~~~~~~~~~~~~~~~~~~~~~~~~~~~           
      |      |
      |      uint32_t {aka long unsigned int}
../Core/Src/my_logic.c:51:39: warning: format '%d' expects argument of type 'int', but argument 3 has type 'uint32_t' {aka 'long unsigned int'} [-Wformat=]
   51 |    sprintf(answer, "New duration is: %d ms", get_current_duration());
      |                                      ~^      ~~~~~~~~~~~~~~~~~~~~~~
      |                                       |      |
      |                                       int    uint32_t {aka long unsigned int}
      |                                      %ld
../Core/Src/my_logic.c:56:39: warning: format '%d' expects argument of type 'int', but argument 3 has type 'uint32_t' {aka 'long unsigned int'} [-Wformat=]
   56 |    sprintf(answer, "New duration is: %d ms", get_current_duration());
      |                                      ~^      ~~~~~~~~~~~~~~~~~~~~~~
      |                                       |      |
      |                                       int    uint32_t {aka long unsigned int}
      |                                      %ld
make: *** [Core/Src/subdir.mk:64: Core/Src/my_logic.o] Error 1
"make -j12 all" terminated with exit code 2. Build might be incomplete.
11:39:29 **** Incremental Build of configuration Debug for project Lab-3 ****
make -j12 all 
arm-none-eabi-gcc "../Core/Src/my_logic.c" -mcpu=cortex-m4 -std=gnu11 -g3 -DDEBUG -DUSE_HAL_DRIVER -DSTM32F427xx -c -I../Core/Inc -I../Drivers/STM32F4xx_HAL_Driver/Inc -I../Drivers/STM32F4xx_HAL_Driver/Inc/Legacy -I../Drivers/CMSIS/Device/ST/STM32F4xx/Include -I../Drivers/CMSIS/Include -O0 -ffunction-sections -fdata-sections -Wall -fstack-usage -MMD -MP -MF"Core/Src/my_logic.d" -MT"Core/Src/my_logic.o" --specs=nano.specs -mfpu=fpv4-sp-d16 -mfloat-abi=hard -mthumb -o "Core/Src/my_logic.o"
In file included from ../Core/Src/my_logic.c:13:
../Core/Src/kb.c: In function 'Get_Key':
../Core/Src/kb.c:117:3: warning: implicit declaration of function 'UART_Transmit'; did you mean 'HAL_UART_Transmit'? [-Wimplicit-function-declaration]
  117 |   UART_Transmit((uint8_t*)"Error write init\n");
      |   ^~~~~~~~~~~~~
      |   HAL_UART_Transmit
../Core/Src/my_logic.c: In function 'parse_symbol_if_available':
../Core/Src/my_logic.c:19:15: warning: implicit declaration of function 'read_char_by_kb'; did you mean 'read_char_by_uart'? [-Wimplicit-function-declaration]
   19 |  char* symb = read_char_by_kb();
      |               ^~~~~~~~~~~~~~~
      |               read_char_by_uart
../Core/Src/my_logic.c:19:15: warning: initialization of 'char *' from 'int' makes pointer from integer without a cast [-Wint-conversion]
../Core/Src/my_logic.c:22:2: warning: implicit declaration of function 'parse_symbol'; did you mean 'parse_number'? [-Wimplicit-function-declaration]
   22 |  parse_symbol(*symb);
      |  ^~~~~~~~~~~~
      |  parse_number
../Core/Src/my_logic.c: At top level:
../Core/Src/my_logic.c:25:7: error: conflicting types for 'read_char_by_kb'
   25 | char* read_char_by_kb() {
      |       ^~~~~~~~~~~~~~~
../Core/Src/my_logic.c:19:15: note: previous implicit declaration of 'read_char_by_kb' was here
   19 |  char* symb = read_char_by_kb();
      |               ^~~~~~~~~~~~~~~
../Core/Src/my_logic.c:30:6: warning: conflicting types for 'parse_symbol'
   30 | void parse_symbol(char symbol){
      |      ^~~~~~~~~~~~
../Core/Src/my_logic.c:22:2: note: previous implicit declaration of 'parse_symbol' was here
   22 |  parse_symbol(*symb);
      |  ^~~~~~~~~~~~
../Core/Src/my_logic.c: In function 'parse_symbol':
../Core/Src/my_logic.c:39:43: warning: format '%d' expects argument of type 'int', but argument 3 has type 'uint32_t' {aka 'long unsigned int'} [-Wformat=]
   39 |    sprintf(answer, "New octave_index is: %d",
      |                                          ~^
      |                                           |
      |                                           int
      |                                          %ld
   40 |      get_current_octave_number());
      |      ~~~~~~~~~~~~~~~~~~~~~~~~~~~           
      |      |
      |      uint32_t {aka long unsigned int}
../Core/Src/my_logic.c:45:43: warning: format '%d' expects argument of type 'int', but argument 3 has type 'uint32_t' {aka 'long unsigned int'} [-Wformat=]
   45 |    sprintf(answer, "New octave_index is: %d",
      |                                          ~^
      |                                           |
      |                                           int
      |                                          %ld
   46 |      get_current_octave_number());
      |      ~~~~~~~~~~~~~~~~~~~~~~~~~~~           
      |      |
      |      uint32_t {aka long unsigned int}
../Core/Src/my_logic.c:51:39: warning: format '%d' expects argument of type 'int', but argument 3 has type 'uint32_t' {aka 'long unsigned int'} [-Wformat=]
   51 |    sprintf(answer, "New duration is: %d ms", get_current_duration());
      |                                      ~^      ~~~~~~~~~~~~~~~~~~~~~~
      |                                       |      |
      |                                       int    uint32_t {aka long unsigned int}
      |                                      %ld
../Core/Src/my_logic.c:56:39: warning: format '%d' expects argument of type 'int', but argument 3 has type 'uint32_t' {aka 'long unsigned int'} [-Wformat=]
   56 |    sprintf(answer, "New duration is: %d ms", get_current_duration());
      |                                      ~^      ~~~~~~~~~~~~~~~~~~~~~~
      |                                       |      |
      |                                       int    uint32_t {aka long unsigned int}
      |                                      %ld
make: *** [Core/Src/subdir.mk:64: Core/Src/my_logic.o] Error 1
"make -j12 all" terminated with exit code 2. Build might be incomplete.
11:40:06 **** Incremental Build of configuration Debug for project Lab-3 ****
make -j12 all 
arm-none-eabi-gcc "../Core/Src/my_logic.c" -mcpu=cortex-m4 -std=gnu11 -g3 -DDEBUG -DUSE_HAL_DRIVER -DSTM32F427xx -c -I../Core/Inc -I../Drivers/STM32F4xx_HAL_Driver/Inc -I../Drivers/STM32F4xx_HAL_Driver/Inc/Legacy -I../Drivers/CMSIS/Device/ST/STM32F4xx/Include -I../Drivers/CMSIS/Include -O0 -ffunction-sections -fdata-sections -Wall -fstack-usage -MMD -MP -MF"Core/Src/my_logic.d" -MT"Core/Src/my_logic.o" --specs=nano.specs -mfpu=fpv4-sp-d16 -mfloat-abi=hard -mthumb -o "Core/Src/my_logic.o"
In file included from ../Core/Src/my_logic.c:13:
../Core/Src/kb.c: In function 'Get_Key':
../Core/Src/kb.c:117:3: warning: implicit declaration of function 'UART_Transmit'; did you mean 'HAL_UART_Transmit'? [-Wimplicit-function-declaration]
  117 |   UART_Transmit((uint8_t*)"Error write init\n");
      |   ^~~~~~~~~~~~~
      |   HAL_UART_Transmit
../Core/Src/my_logic.c: In function 'parse_symbol_if_available':
../Core/Src/my_logic.c:19:15: warning: implicit declaration of function 'read_char_by_kb'; did you mean 'read_char_by_uart'? [-Wimplicit-function-declaration]
   19 |  char* symb = read_char_by_kb();
      |               ^~~~~~~~~~~~~~~
      |               read_char_by_uart
../Core/Src/my_logic.c:19:15: warning: initialization of 'char *' from 'int' makes pointer from integer without a cast [-Wint-conversion]
../Core/Src/my_logic.c:22:2: warning: implicit declaration of function 'parse_symbol'; did you mean 'parse_number'? [-Wimplicit-function-declaration]
   22 |  parse_symbol(*symb);
      |  ^~~~~~~~~~~~
      |  parse_number
../Core/Src/my_logic.c: At top level:
../Core/Src/my_logic.c:25:7: error: conflicting types for 'read_char_by_kb'
   25 | char* read_char_by_kb() {
      |       ^~~~~~~~~~~~~~~
../Core/Src/my_logic.c:19:15: note: previous implicit declaration of 'read_char_by_kb' was here
   19 |  char* symb = read_char_by_kb();
      |               ^~~~~~~~~~~~~~~
../Core/Src/my_logic.c:30:6: warning: conflicting types for 'parse_symbol'
   30 | void parse_symbol(char symbol){
      |      ^~~~~~~~~~~~
../Core/Src/my_logic.c:22:2: note: previous implicit declaration of 'parse_symbol' was here
   22 |  parse_symbol(*symb);
      |  ^~~~~~~~~~~~
../Core/Src/my_logic.c: In function 'parse_symbol':
../Core/Src/my_logic.c:39:43: warning: format '%d' expects argument of type 'int', but argument 3 has type 'uint32_t' {aka 'long unsigned int'} [-Wformat=]
   39 |    sprintf(answer, "New octave_index is: %d",
      |                                          ~^
      |                                           |
      |                                           int
      |                                          %ld
   40 |      get_current_octave_number());
      |      ~~~~~~~~~~~~~~~~~~~~~~~~~~~           
      |      |
      |      uint32_t {aka long unsigned int}
../Core/Src/my_logic.c:45:43: warning: format '%d' expects argument of type 'int', but argument 3 has type 'uint32_t' {aka 'long unsigned int'} [-Wformat=]
   45 |    sprintf(answer, "New octave_index is: %d",
      |                                          ~^
      |                                           |
      |                                           int
      |                                          %ld
   46 |      get_current_octave_number());
      |      ~~~~~~~~~~~~~~~~~~~~~~~~~~~           
      |      |
      |      uint32_t {aka long unsigned int}
../Core/Src/my_logic.c:51:39: warning: format '%d' expects argument of type 'int', but argument 3 has type 'uint32_t' {aka 'long unsigned int'} [-Wformat=]
   51 |    sprintf(answer, "New duration is: %d ms", get_current_duration());
      |                                      ~^      ~~~~~~~~~~~~~~~~~~~~~~
      |                                       |      |
      |                                       int    uint32_t {aka long unsigned int}
      |                                      %ld
../Core/Src/my_logic.c:56:39: warning: format '%d' expects argument of type 'int', but argument 3 has type 'uint32_t' {aka 'long unsigned int'} [-Wformat=]
   56 |    sprintf(answer, "New duration is: %d ms", get_current_duration());
      |                                      ~^      ~~~~~~~~~~~~~~~~~~~~~~
      |                                       |      |
      |                                       int    uint32_t {aka long unsigned int}
      |                                      %ld
make: *** [Core/Src/subdir.mk:64: Core/Src/my_logic.o] Error 1
"make -j12 all" terminated with exit code 2. Build might be incomplete.
11:40:51 **** Incremental Build of configuration Debug for project Lab-3 ****
make -j12 all 
arm-none-eabi-gcc "../Core/Src/my_logic.c" -mcpu=cortex-m4 -std=gnu11 -g3 -DDEBUG -DUSE_HAL_DRIVER -DSTM32F427xx -c -I../Core/Inc -I../Drivers/STM32F4xx_HAL_Driver/Inc -I../Drivers/STM32F4xx_HAL_Driver/Inc/Legacy -I../Drivers/CMSIS/Device/ST/STM32F4xx/Include -I../Drivers/CMSIS/Include -O0 -ffunction-sections -fdata-sections -Wall -fstack-usage -MMD -MP -MF"Core/Src/my_logic.d" -MT"Core/Src/my_logic.o" --specs=nano.specs -mfpu=fpv4-sp-d16 -mfloat-abi=hard -mthumb -o "Core/Src/my_logic.o"
In file included from ../Core/Src/my_logic.c:13:
../Core/Src/kb.c: In function 'Get_Key':
../Core/Src/kb.c:117:3: warning: implicit declaration of function 'UART_Transmit'; did you mean 'HAL_UART_Transmit'? [-Wimplicit-function-declaration]
  117 |   UART_Transmit((uint8_t*)"Error write init\n");
      |   ^~~~~~~~~~~~~
      |   HAL_UART_Transmit
../Core/Src/my_logic.c: In function 'parse_symbol_if_available':
../Core/Src/my_logic.c:19:15: warning: implicit declaration of function 'read_char_by_kb'; did you mean 'read_char_by_uart'? [-Wimplicit-function-declaration]
   19 |  char* symb = read_char_by_kb();
      |               ^~~~~~~~~~~~~~~
      |               read_char_by_uart
../Core/Src/my_logic.c:19:15: warning: initialization of 'char *' from 'int' makes pointer from integer without a cast [-Wint-conversion]
../Core/Src/my_logic.c:22:2: warning: implicit declaration of function 'parse_symbol'; did you mean 'parse_number'? [-Wimplicit-function-declaration]
   22 |  parse_symbol(*symb);
      |  ^~~~~~~~~~~~
      |  parse_number
../Core/Src/my_logic.c: At top level:
../Core/Src/my_logic.c:25:7: error: conflicting types for 'read_char_by_kb'
   25 | char* read_char_by_kb() {
      |       ^~~~~~~~~~~~~~~
../Core/Src/my_logic.c:19:15: note: previous implicit declaration of 'read_char_by_kb' was here
   19 |  char* symb = read_char_by_kb();
      |               ^~~~~~~~~~~~~~~
../Core/Src/my_logic.c:30:6: warning: conflicting types for 'parse_symbol'
   30 | void parse_symbol(char symbol){
      |      ^~~~~~~~~~~~
../Core/Src/my_logic.c:22:2: note: previous implicit declaration of 'parse_symbol' was here
   22 |  parse_symbol(*symb);
      |  ^~~~~~~~~~~~
../Core/Src/my_logic.c: In function 'parse_symbol':
../Core/Src/my_logic.c:39:43: warning: format '%d' expects argument of type 'int', but argument 3 has type 'uint32_t' {aka 'long unsigned int'} [-Wformat=]
   39 |    sprintf(answer, "New octave_index is: %d",
      |                                          ~^
      |                                           |
      |                                           int
      |                                          %ld
   40 |      get_current_octave_number());
      |      ~~~~~~~~~~~~~~~~~~~~~~~~~~~           
      |      |
      |      uint32_t {aka long unsigned int}
../Core/Src/my_logic.c:45:43: warning: format '%d' expects argument of type 'int', but argument 3 has type 'uint32_t' {aka 'long unsigned int'} [-Wformat=]
   45 |    sprintf(answer, "New octave_index is: %d",
      |                                          ~^
      |                                           |
      |                                           int
      |                                          %ld
   46 |      get_current_octave_number());
      |      ~~~~~~~~~~~~~~~~~~~~~~~~~~~           
      |      |
      |      uint32_t {aka long unsigned int}
../Core/Src/my_logic.c:51:39: warning: format '%d' expects argument of type 'int', but argument 3 has type 'uint32_t' {aka 'long unsigned int'} [-Wformat=]
   51 |    sprintf(answer, "New duration is: %d ms", get_current_duration());
      |                                      ~^      ~~~~~~~~~~~~~~~~~~~~~~
      |                                       |      |
      |                                       int    uint32_t {aka long unsigned int}
      |                                      %ld
../Core/Src/my_logic.c:56:39: warning: format '%d' expects argument of type 'int', but argument 3 has type 'uint32_t' {aka 'long unsigned int'} [-Wformat=]
   56 |    sprintf(answer, "New duration is: %d ms", get_current_duration());
      |                                      ~^      ~~~~~~~~~~~~~~~~~~~~~~
      |                                       |      |
      |                                       int    uint32_t {aka long unsigned int}
      |                                      %ld
make: *** [Core/Src/subdir.mk:64: Core/Src/my_logic.o] Error 1
"make -j12 all" terminated with exit code 2. Build might be incomplete.
11:41:58 **** Incremental Build of configuration Debug for project Lab-3 ****
make -j12 all 
arm-none-eabi-gcc "../Core/Src/my_logic.c" -mcpu=cortex-m4 -std=gnu11 -g3 -DDEBUG -DUSE_HAL_DRIVER -DSTM32F427xx -c -I../Core/Inc -I../Drivers/STM32F4xx_HAL_Driver/Inc -I../Drivers/STM32F4xx_HAL_Driver/Inc/Legacy -I../Drivers/CMSIS/Device/ST/STM32F4xx/Include -I../Drivers/CMSIS/Include -O0 -ffunction-sections -fdata-sections -Wall -fstack-usage -MMD -MP -MF"Core/Src/my_logic.d" -MT"Core/Src/my_logic.o" --specs=nano.specs -mfpu=fpv4-sp-d16 -mfloat-abi=hard -mthumb -o "Core/Src/my_logic.o"
In file included from ../Core/Src/my_logic.c:13:
../Core/Src/kb.c: In function 'Get_Key':
../Core/Src/kb.c:117:3: warning: implicit declaration of function 'UART_Transmit'; did you mean 'HAL_UART_Transmit'? [-Wimplicit-function-declaration]
  117 |   UART_Transmit((uint8_t*)"Error write init\n");
      |   ^~~~~~~~~~~~~
      |   HAL_UART_Transmit
../Core/Src/my_logic.c: In function 'parse_symbol_if_available':
../Core/Src/my_logic.c:19:15: warning: implicit declaration of function 'read_char_by_kb'; did you mean 'read_char_by_uart'? [-Wimplicit-function-declaration]
   19 |  char* symb = read_char_by_kb();
      |               ^~~~~~~~~~~~~~~
      |               read_char_by_uart
../Core/Src/my_logic.c:19:15: warning: initialization of 'char *' from 'int' makes pointer from integer without a cast [-Wint-conversion]
../Core/Src/my_logic.c:22:2: warning: implicit declaration of function 'parse_symbol'; did you mean 'parse_number'? [-Wimplicit-function-declaration]
   22 |  parse_symbol(*symb);
      |  ^~~~~~~~~~~~
      |  parse_number
../Core/Src/my_logic.c: At top level:
../Core/Src/my_logic.c:25:7: error: conflicting types for 'read_char_by_kb'
   25 | char* read_char_by_kb() {
      |       ^~~~~~~~~~~~~~~
../Core/Src/my_logic.c:19:15: note: previous implicit declaration of 'read_char_by_kb' was here
   19 |  char* symb = read_char_by_kb();
      |               ^~~~~~~~~~~~~~~
../Core/Src/my_logic.c:30:6: warning: conflicting types for 'parse_symbol'
   30 | void parse_symbol(char symbol){
      |      ^~~~~~~~~~~~
../Core/Src/my_logic.c:22:2: note: previous implicit declaration of 'parse_symbol' was here
   22 |  parse_symbol(*symb);
      |  ^~~~~~~~~~~~
../Core/Src/my_logic.c: In function 'parse_symbol':
../Core/Src/my_logic.c:39:43: warning: format '%d' expects argument of type 'int', but argument 3 has type 'uint32_t' {aka 'long unsigned int'} [-Wformat=]
   39 |    sprintf(answer, "New octave_index is: %d",
      |                                          ~^
      |                                           |
      |                                           int
      |                                          %ld
   40 |      get_current_octave_number());
      |      ~~~~~~~~~~~~~~~~~~~~~~~~~~~           
      |      |
      |      uint32_t {aka long unsigned int}
../Core/Src/my_logic.c:45:43: warning: format '%d' expects argument of type 'int', but argument 3 has type 'uint32_t' {aka 'long unsigned int'} [-Wformat=]
   45 |    sprintf(answer, "New octave_index is: %d",
      |                                          ~^
      |                                           |
      |                                           int
      |                                          %ld
   46 |      get_current_octave_number());
      |      ~~~~~~~~~~~~~~~~~~~~~~~~~~~           
      |      |
      |      uint32_t {aka long unsigned int}
../Core/Src/my_logic.c:51:39: warning: format '%d' expects argument of type 'int', but argument 3 has type 'uint32_t' {aka 'long unsigned int'} [-Wformat=]
   51 |    sprintf(answer, "New duration is: %d ms", get_current_duration());
      |                                      ~^      ~~~~~~~~~~~~~~~~~~~~~~
      |                                       |      |
      |                                       int    uint32_t {aka long unsigned int}
      |                                      %ld
../Core/Src/my_logic.c:56:39: warning: format '%d' expects argument of type 'int', but argument 3 has type 'uint32_t' {aka 'long unsigned int'} [-Wformat=]
   56 |    sprintf(answer, "New duration is: %d ms", get_current_duration());
      |                                      ~^      ~~~~~~~~~~~~~~~~~~~~~~
      |                                       |      |
      |                                       int    uint32_t {aka long unsigned int}
      |                                      %ld
make: *** [Core/Src/subdir.mk:64: Core/Src/my_logic.o] Error 1
"make -j12 all" terminated with exit code 2. Build might be incomplete.
11:42:43 **** Incremental Build of configuration Debug for project Lab-3 ****
make -j12 all 
arm-none-eabi-gcc "../Core/Src/my_logic.c" -mcpu=cortex-m4 -std=gnu11 -g3 -DDEBUG -DUSE_HAL_DRIVER -DSTM32F427xx -c -I../Core/Inc -I../Drivers/STM32F4xx_HAL_Driver/Inc -I../Drivers/STM32F4xx_HAL_Driver/Inc/Legacy -I../Drivers/CMSIS/Device/ST/STM32F4xx/Include -I../Drivers/CMSIS/Include -O0 -ffunction-sections -fdata-sections -Wall -fstack-usage -MMD -MP -MF"Core/Src/my_logic.d" -MT"Core/Src/my_logic.o" --specs=nano.specs -mfpu=fpv4-sp-d16 -mfloat-abi=hard -mthumb -o "Core/Src/my_logic.o"
In file included from ../Core/Src/my_logic.c:13:
../Core/Src/kb.c: In function 'Get_Key':
../Core/Src/kb.c:117:3: warning: implicit declaration of function 'UART_Transmit'; did you mean 'HAL_UART_Transmit'? [-Wimplicit-function-declaration]
  117 |   UART_Transmit((uint8_t*)"Error write init\n");
      |   ^~~~~~~~~~~~~
      |   HAL_UART_Transmit
../Core/Src/my_logic.c: In function 'parse_symbol_if_available':
../Core/Src/my_logic.c:19:15: warning: implicit declaration of function 'read_char_by_kb'; did you mean 'read_char_by_uart'? [-Wimplicit-function-declaration]
   19 |  char* symb = read_char_by_kb();
      |               ^~~~~~~~~~~~~~~
      |               read_char_by_uart
../Core/Src/my_logic.c:19:15: warning: initialization of 'char *' from 'int' makes pointer from integer without a cast [-Wint-conversion]
../Core/Src/my_logic.c:22:2: warning: implicit declaration of function 'parse_symbol'; did you mean 'parse_number'? [-Wimplicit-function-declaration]
   22 |  parse_symbol(*symb);
      |  ^~~~~~~~~~~~
      |  parse_number
../Core/Src/my_logic.c: At top level:
../Core/Src/my_logic.c:25:7: error: conflicting types for 'read_char_by_kb'
   25 | char* read_char_by_kb() {
      |       ^~~~~~~~~~~~~~~
../Core/Src/my_logic.c:19:15: note: previous implicit declaration of 'read_char_by_kb' was here
   19 |  char* symb = read_char_by_kb();
      |               ^~~~~~~~~~~~~~~
../Core/Src/my_logic.c:30:6: warning: conflicting types for 'parse_symbol'
   30 | void parse_symbol(char symbol){
      |      ^~~~~~~~~~~~
../Core/Src/my_logic.c:22:2: note: previous implicit declaration of 'parse_symbol' was here
   22 |  parse_symbol(*symb);
      |  ^~~~~~~~~~~~
../Core/Src/my_logic.c: In function 'parse_symbol':
../Core/Src/my_logic.c:39:43: warning: format '%d' expects argument of type 'int', but argument 3 has type 'uint32_t' {aka 'long unsigned int'} [-Wformat=]
   39 |    sprintf(answer, "New octave_index is: %d",
      |                                          ~^
      |                                           |
      |                                           int
      |                                          %ld
   40 |      get_current_octave_number());
      |      ~~~~~~~~~~~~~~~~~~~~~~~~~~~           
      |      |
      |      uint32_t {aka long unsigned int}
../Core/Src/my_logic.c:45:43: warning: format '%d' expects argument of type 'int', but argument 3 has type 'uint32_t' {aka 'long unsigned int'} [-Wformat=]
   45 |    sprintf(answer, "New octave_index is: %d",
      |                                          ~^
      |                                           |
      |                                           int
      |                                          %ld
   46 |      get_current_octave_number());
      |      ~~~~~~~~~~~~~~~~~~~~~~~~~~~           
      |      |
      |      uint32_t {aka long unsigned int}
../Core/Src/my_logic.c:51:39: warning: format '%d' expects argument of type 'int', but argument 3 has type 'uint32_t' {aka 'long unsigned int'} [-Wformat=]
   51 |    sprintf(answer, "New duration is: %d ms", get_current_duration());
      |                                      ~^      ~~~~~~~~~~~~~~~~~~~~~~
      |                                       |      |
      |                                       int    uint32_t {aka long unsigned int}
      |                                      %ld
../Core/Src/my_logic.c:56:39: warning: format '%d' expects argument of type 'int', but argument 3 has type 'uint32_t' {aka 'long unsigned int'} [-Wformat=]
   56 |    sprintf(answer, "New duration is: %d ms", get_current_duration());
      |                                      ~^      ~~~~~~~~~~~~~~~~~~~~~~
      |                                       |      |
      |                                       int    uint32_t {aka long unsigned int}
      |                                      %ld
make: *** [Core/Src/subdir.mk:64: Core/Src/my_logic.o] Error 1
"make -j12 all" terminated with exit code 2. Build might be incomplete.
11:43:47 **** Incremental Build of configuration Debug for project Lab-3 ****
make -j12 all 
arm-none-eabi-gcc "../Core/Src/my_logic.c" -mcpu=cortex-m4 -std=gnu11 -g3 -DDEBUG -DUSE_HAL_DRIVER -DSTM32F427xx -c -I../Core/Inc -I../Drivers/STM32F4xx_HAL_Driver/Inc -I../Drivers/STM32F4xx_HAL_Driver/Inc/Legacy -I../Drivers/CMSIS/Device/ST/STM32F4xx/Include -I../Drivers/CMSIS/Include -O0 -ffunction-sections -fdata-sections -Wall -fstack-usage -MMD -MP -MF"Core/Src/my_logic.d" -MT"Core/Src/my_logic.o" --specs=nano.specs -mfpu=fpv4-sp-d16 -mfloat-abi=hard -mthumb -o "Core/Src/my_logic.o"
In file included from ../Core/Src/my_logic.c:13:
../Core/Src/kb.c: In function 'Get_Key':
../Core/Src/kb.c:117:3: warning: implicit declaration of function 'UART_Transmit'; did you mean 'HAL_UART_Transmit'? [-Wimplicit-function-declaration]
  117 |   UART_Transmit((uint8_t*)"Error write init\n");
      |   ^~~~~~~~~~~~~
      |   HAL_UART_Transmit
../Core/Src/my_logic.c: In function 'parse_symbol_if_available':
../Core/Src/my_logic.c:19:15: warning: implicit declaration of function 'read_char_by_kb'; did you mean 'read_char_by_uart'? [-Wimplicit-function-declaration]
   19 |  char* symb = read_char_by_kb();
      |               ^~~~~~~~~~~~~~~
      |               read_char_by_uart
../Core/Src/my_logic.c:19:15: warning: initialization of 'char *' from 'int' makes pointer from integer without a cast [-Wint-conversion]
../Core/Src/my_logic.c:22:2: warning: implicit declaration of function 'parse_symbol'; did you mean 'parse_number'? [-Wimplicit-function-declaration]
   22 |  parse_symbol(*symb);
      |  ^~~~~~~~~~~~
      |  parse_number
../Core/Src/my_logic.c: At top level:
../Core/Src/my_logic.c:25:7: error: conflicting types for 'read_char_by_kb'
   25 | char* read_char_by_kb() {
      |       ^~~~~~~~~~~~~~~
../Core/Src/my_logic.c:19:15: note: previous implicit declaration of 'read_char_by_kb' was here
   19 |  char* symb = read_char_by_kb();
      |               ^~~~~~~~~~~~~~~
../Core/Src/my_logic.c:30:6: warning: conflicting types for 'parse_symbol'
   30 | void parse_symbol(char symbol){
      |      ^~~~~~~~~~~~
../Core/Src/my_logic.c:22:2: note: previous implicit declaration of 'parse_symbol' was here
   22 |  parse_symbol(*symb);
      |  ^~~~~~~~~~~~
../Core/Src/my_logic.c: In function 'parse_symbol':
../Core/Src/my_logic.c:39:43: warning: format '%d' expects argument of type 'int', but argument 3 has type 'uint32_t' {aka 'long unsigned int'} [-Wformat=]
   39 |    sprintf(answer, "New octave_index is: %d",
      |                                          ~^
      |                                           |
      |                                           int
      |                                          %ld
   40 |      get_current_octave_number());
      |      ~~~~~~~~~~~~~~~~~~~~~~~~~~~           
      |      |
      |      uint32_t {aka long unsigned int}
../Core/Src/my_logic.c:45:43: warning: format '%d' expects argument of type 'int', but argument 3 has type 'uint32_t' {aka 'long unsigned int'} [-Wformat=]
   45 |    sprintf(answer, "New octave_index is: %d",
      |                                          ~^
      |                                           |
      |                                           int
      |                                          %ld
   46 |      get_current_octave_number());
      |      ~~~~~~~~~~~~~~~~~~~~~~~~~~~           
      |      |
      |      uint32_t {aka long unsigned int}
../Core/Src/my_logic.c:51:39: warning: format '%d' expects argument of type 'int', but argument 3 has type 'uint32_t' {aka 'long unsigned int'} [-Wformat=]
   51 |    sprintf(answer, "New duration is: %d ms", get_current_duration());
      |                                      ~^      ~~~~~~~~~~~~~~~~~~~~~~
      |                                       |      |
      |                                       int    uint32_t {aka long unsigned int}
      |                                      %ld
../Core/Src/my_logic.c:56:39: warning: format '%d' expects argument of type 'int', but argument 3 has type 'uint32_t' {aka 'long unsigned int'} [-Wformat=]
   56 |    sprintf(answer, "New duration is: %d ms", get_current_duration());
      |                                      ~^      ~~~~~~~~~~~~~~~~~~~~~~
      |                                       |      |
      |                                       int    uint32_t {aka long unsigned int}
      |                                      %ld
make: *** [Core/Src/subdir.mk:64: Core/Src/my_logic.o] Error 1
"make -j12 all" terminated with exit code 2. Build might be incomplete.
11:44:23 **** Incremental Build of configuration Debug for project Lab-3 ****
make -j12 all 
arm-none-eabi-gcc "../Core/Src/my_logic.c" -mcpu=cortex-m4 -std=gnu11 -g3 -DDEBUG -DUSE_HAL_DRIVER -DSTM32F427xx -c -I../Core/Inc -I../Drivers/STM32F4xx_HAL_Driver/Inc -I../Drivers/STM32F4xx_HAL_Driver/Inc/Legacy -I../Drivers/CMSIS/Device/ST/STM32F4xx/Include -I../Drivers/CMSIS/Include -O0 -ffunction-sections -fdata-sections -Wall -fstack-usage -MMD -MP -MF"Core/Src/my_logic.d" -MT"Core/Src/my_logic.o" --specs=nano.specs -mfpu=fpv4-sp-d16 -mfloat-abi=hard -mthumb -o "Core/Src/my_logic.o"
In file included from ../Core/Src/my_logic.c:13:
../Core/Src/kb.c: In function 'Get_Key':
../Core/Src/kb.c:117:3: warning: implicit declaration of function 'UART_Transmit'; did you mean 'HAL_UART_Transmit'? [-Wimplicit-function-declaration]
  117 |   UART_Transmit((uint8_t*)"Error write init\n");
      |   ^~~~~~~~~~~~~
      |   HAL_UART_Transmit
../Core/Src/my_logic.c: In function 'parse_symbol_if_available':
../Core/Src/my_logic.c:19:15: warning: implicit declaration of function 'read_char_by_kb'; did you mean 'read_char_by_uart'? [-Wimplicit-function-declaration]
   19 |  char* symb = read_char_by_kb();
      |               ^~~~~~~~~~~~~~~
      |               read_char_by_uart
../Core/Src/my_logic.c:19:15: warning: initialization of 'char *' from 'int' makes pointer from integer without a cast [-Wint-conversion]
../Core/Src/my_logic.c:22:2: warning: implicit declaration of function 'parse_symbol'; did you mean 'parse_number'? [-Wimplicit-function-declaration]
   22 |  parse_symbol(*symb);
      |  ^~~~~~~~~~~~
      |  parse_number
../Core/Src/my_logic.c: At top level:
../Core/Src/my_logic.c:25:7: error: conflicting types for 'read_char_by_kb'
   25 | char* read_char_by_kb() {
      |       ^~~~~~~~~~~~~~~
../Core/Src/my_logic.c:19:15: note: previous implicit declaration of 'read_char_by_kb' was here
   19 |  char* symb = read_char_by_kb();
      |               ^~~~~~~~~~~~~~~
../Core/Src/my_logic.c: In function 'read_char_by_kb':
../Core/Src/my_logic.c:27:9: warning: function returns address of local variable [-Wreturn-local-addr]
   27 |  return &z;
      |         ^~
../Core/Src/my_logic.c: At top level:
../Core/Src/my_logic.c:31:6: warning: conflicting types for 'parse_symbol'
   31 | void parse_symbol(char symbol){
      |      ^~~~~~~~~~~~
../Core/Src/my_logic.c:22:2: note: previous implicit declaration of 'parse_symbol' was here
   22 |  parse_symbol(*symb);
      |  ^~~~~~~~~~~~
../Core/Src/my_logic.c: In function 'parse_symbol':
../Core/Src/my_logic.c:40:43: warning: format '%d' expects argument of type 'int', but argument 3 has type 'uint32_t' {aka 'long unsigned int'} [-Wformat=]
   40 |    sprintf(answer, "New octave_index is: %d",
      |                                          ~^
      |                                           |
      |                                           int
      |                                          %ld
   41 |      get_current_octave_number());
      |      ~~~~~~~~~~~~~~~~~~~~~~~~~~~           
      |      |
      |      uint32_t {aka long unsigned int}
../Core/Src/my_logic.c:46:43: warning: format '%d' expects argument of type 'int', but argument 3 has type 'uint32_t' {aka 'long unsigned int'} [-Wformat=]
   46 |    sprintf(answer, "New octave_index is: %d",
      |                                          ~^
      |                                           |
      |                                           int
      |                                          %ld
   47 |      get_current_octave_number());
      |      ~~~~~~~~~~~~~~~~~~~~~~~~~~~           
      |      |
      |      uint32_t {aka long unsigned int}
../Core/Src/my_logic.c:52:39: warning: format '%d' expects argument of type 'int', but argument 3 has type 'uint32_t' {aka 'long unsigned int'} [-Wformat=]
   52 |    sprintf(answer, "New duration is: %d ms", get_current_duration());
      |                                      ~^      ~~~~~~~~~~~~~~~~~~~~~~
      |                                       |      |
      |                                       int    uint32_t {aka long unsigned int}
      |                                      %ld
../Core/Src/my_logic.c:57:39: warning: format '%d' expects argument of type 'int', but argument 3 has type 'uint32_t' {aka 'long unsigned int'} [-Wformat=]
   57 |    sprintf(answer, "New duration is: %d ms", get_current_duration());
      |                                      ~^      ~~~~~~~~~~~~~~~~~~~~~~
      |                                       |      |
      |                                       int    uint32_t {aka long unsigned int}
      |                                      %ld
make: *** [Core/Src/subdir.mk:64: Core/Src/my_logic.o] Error 1
"make -j12 all" terminated with exit code 2. Build might be incomplete.
11:44:32 **** Incremental Build of configuration Debug for project Lab-3 ****
make -j12 all 
arm-none-eabi-gcc "../Core/Src/my_logic.c" -mcpu=cortex-m4 -std=gnu11 -g3 -DDEBUG -DUSE_HAL_DRIVER -DSTM32F427xx -c -I../Core/Inc -I../Drivers/STM32F4xx_HAL_Driver/Inc -I../Drivers/STM32F4xx_HAL_Driver/Inc/Legacy -I../Drivers/CMSIS/Device/ST/STM32F4xx/Include -I../Drivers/CMSIS/Include -O0 -ffunction-sections -fdata-sections -Wall -fstack-usage -MMD -MP -MF"Core/Src/my_logic.d" -MT"Core/Src/my_logic.o" --specs=nano.specs -mfpu=fpv4-sp-d16 -mfloat-abi=hard -mthumb -o "Core/Src/my_logic.o"
In file included from ../Core/Src/my_logic.c:13:
../Core/Src/kb.c: In function 'Get_Key':
../Core/Src/kb.c:117:3: warning: implicit declaration of function 'UART_Transmit'; did you mean 'HAL_UART_Transmit'? [-Wimplicit-function-declaration]
  117 |   UART_Transmit((uint8_t*)"Error write init\n");
      |   ^~~~~~~~~~~~~
      |   HAL_UART_Transmit
../Core/Src/my_logic.c: In function 'parse_symbol_if_available':
../Core/Src/my_logic.c:19:15: warning: implicit declaration of function 'read_char_by_kb'; did you mean 'read_char_by_uart'? [-Wimplicit-function-declaration]
   19 |  char* symb = read_char_by_kb();
      |               ^~~~~~~~~~~~~~~
      |               read_char_by_uart
../Core/Src/my_logic.c:19:15: warning: initialization of 'char *' from 'int' makes pointer from integer without a cast [-Wint-conversion]
../Core/Src/my_logic.c:22:2: warning: implicit declaration of function 'parse_symbol'; did you mean 'parse_number'? [-Wimplicit-function-declaration]
   22 |  parse_symbol(*symb);
      |  ^~~~~~~~~~~~
      |  parse_number
../Core/Src/my_logic.c: At top level:
../Core/Src/my_logic.c:25:7: error: conflicting types for 'read_char_by_kb'
   25 | char* read_char_by_kb() {
      |       ^~~~~~~~~~~~~~~
../Core/Src/my_logic.c:19:15: note: previous implicit declaration of 'read_char_by_kb' was here
   19 |  char* symb = read_char_by_kb();
      |               ^~~~~~~~~~~~~~~
../Core/Src/my_logic.c: In function 'read_char_by_kb':
../Core/Src/my_logic.c:27:9: error: invalid type argument of unary '*' (have 'int')
   27 |  return *z;
      |         ^~
../Core/Src/my_logic.c: At top level:
../Core/Src/my_logic.c:31:6: warning: conflicting types for 'parse_symbol'
   31 | void parse_symbol(char symbol){
      |      ^~~~~~~~~~~~
../Core/Src/my_logic.c:22:2: note: previous implicit declaration of 'parse_symbol' was here
   22 |  parse_symbol(*symb);
      |  ^~~~~~~~~~~~
../Core/Src/my_logic.c: In function 'parse_symbol':
../Core/Src/my_logic.c:40:43: warning: format '%d' expects argument of type 'int', but argument 3 has type 'uint32_t' {aka 'long unsigned int'} [-Wformat=]
   40 |    sprintf(answer, "New octave_index is: %d",
      |                                          ~^
      |                                           |
      |                                           int
      |                                          %ld
   41 |      get_current_octave_number());
      |      ~~~~~~~~~~~~~~~~~~~~~~~~~~~           
      |      |
      |      uint32_t {aka long unsigned int}
../Core/Src/my_logic.c:46:43: warning: format '%d' expects argument of type 'int', but argument 3 has type 'uint32_t' {aka 'long unsigned int'} [-Wformat=]
   46 |    sprintf(answer, "New octave_index is: %d",
      |                                          ~^
      |                                           |
      |                                           int
      |                                          %ld
   47 |      get_current_octave_number());
      |      ~~~~~~~~~~~~~~~~~~~~~~~~~~~           
      |      |
      |      uint32_t {aka long unsigned int}
../Core/Src/my_logic.c:52:39: warning: format '%d' expects argument of type 'int', but argument 3 has type 'uint32_t' {aka 'long unsigned int'} [-Wformat=]
   52 |    sprintf(answer, "New duration is: %d ms", get_current_duration());
      |                                      ~^      ~~~~~~~~~~~~~~~~~~~~~~
      |                                       |      |
      |                                       int    uint32_t {aka long unsigned int}
      |                                      %ld
../Core/Src/my_logic.c:57:39: warning: format '%d' expects argument of type 'int', but argument 3 has type 'uint32_t' {aka 'long unsigned int'} [-Wformat=]
   57 |    sprintf(answer, "New duration is: %d ms", get_current_duration());
      |                                      ~^      ~~~~~~~~~~~~~~~~~~~~~~
      |                                       |      |
      |                                       int    uint32_t {aka long unsigned int}
      |                                      %ld
../Core/Src/my_logic.c: In function 'read_char_by_kb':
../Core/Src/my_logic.c:28:1: warning: control reaches end of non-void function [-Wreturn-type]
   28 | }
      | ^
make: *** [Core/Src/subdir.mk:64: Core/Src/my_logic.o] Error 1
"make -j12 all" terminated with exit code 2. Build might be incomplete.
11:44:57 **** Incremental Build of configuration Debug for project Lab-3 ****
make -j12 all 
arm-none-eabi-gcc "../Core/Src/my_logic.c" -mcpu=cortex-m4 -std=gnu11 -g3 -DDEBUG -DUSE_HAL_DRIVER -DSTM32F427xx -c -I../Core/Inc -I../Drivers/STM32F4xx_HAL_Driver/Inc -I../Drivers/STM32F4xx_HAL_Driver/Inc/Legacy -I../Drivers/CMSIS/Device/ST/STM32F4xx/Include -I../Drivers/CMSIS/Include -O0 -ffunction-sections -fdata-sections -Wall -fstack-usage -MMD -MP -MF"Core/Src/my_logic.d" -MT"Core/Src/my_logic.o" --specs=nano.specs -mfpu=fpv4-sp-d16 -mfloat-abi=hard -mthumb -o "Core/Src/my_logic.o"
In file included from ../Core/Src/my_logic.c:13:
../Core/Src/kb.c: In function 'Get_Key':
../Core/Src/kb.c:117:3: warning: implicit declaration of function 'UART_Transmit'; did you mean 'HAL_UART_Transmit'? [-Wimplicit-function-declaration]
  117 |   UART_Transmit((uint8_t*)"Error write init\n");
      |   ^~~~~~~~~~~~~
      |   HAL_UART_Transmit
../Core/Src/my_logic.c: In function 'parse_symbol_if_available':
../Core/Src/my_logic.c:19:15: warning: implicit declaration of function 'read_char_by_kb1'; did you mean 'read_char_by_uart'? [-Wimplicit-function-declaration]
   19 |  char* symb = read_char_by_kb1();
      |               ^~~~~~~~~~~~~~~~
      |               read_char_by_uart
../Core/Src/my_logic.c:19:15: warning: initialization of 'char *' from 'int' makes pointer from integer without a cast [-Wint-conversion]
../Core/Src/my_logic.c:22:2: warning: implicit declaration of function 'parse_symbol'; did you mean 'parse_number'? [-Wimplicit-function-declaration]
   22 |  parse_symbol(*symb);
      |  ^~~~~~~~~~~~
      |  parse_number
../Core/Src/my_logic.c: At top level:
../Core/Src/my_logic.c:25:7: error: conflicting types for 'read_char_by_kb1'
   25 | char* read_char_by_kb1() {
      |       ^~~~~~~~~~~~~~~~
../Core/Src/my_logic.c:19:15: note: previous implicit declaration of 'read_char_by_kb1' was here
   19 |  char* symb = read_char_by_kb1();
      |               ^~~~~~~~~~~~~~~~
../Core/Src/my_logic.c: In function 'read_char_by_kb1':
../Core/Src/my_logic.c:27:9: error: invalid type argument of unary '*' (have 'int')
   27 |  return *z;
      |         ^~
../Core/Src/my_logic.c: At top level:
../Core/Src/my_logic.c:31:6: warning: conflicting types for 'parse_symbol'
   31 | void parse_symbol(char symbol){
      |      ^~~~~~~~~~~~
../Core/Src/my_logic.c:22:2: note: previous implicit declaration of 'parse_symbol' was here
   22 |  parse_symbol(*symb);
      |  ^~~~~~~~~~~~
../Core/Src/my_logic.c: In function 'parse_symbol':
../Core/Src/my_logic.c:40:43: warning: format '%d' expects argument of type 'int', but argument 3 has type 'uint32_t' {aka 'long unsigned int'} [-Wformat=]
   40 |    sprintf(answer, "New octave_index is: %d",
      |                                          ~^
      |                                           |
      |                                           int
      |                                          %ld
   41 |      get_current_octave_number());
      |      ~~~~~~~~~~~~~~~~~~~~~~~~~~~           
      |      |
      |      uint32_t {aka long unsigned int}
../Core/Src/my_logic.c:46:43: warning: format '%d' expects argument of type 'int', but argument 3 has type 'uint32_t' {aka 'long unsigned int'} [-Wformat=]
   46 |    sprintf(answer, "New octave_index is: %d",
      |                                          ~^
      |                                           |
      |                                           int
      |                                          %ld
   47 |      get_current_octave_number());
      |      ~~~~~~~~~~~~~~~~~~~~~~~~~~~           
      |      |
      |      uint32_t {aka long unsigned int}
../Core/Src/my_logic.c:52:39: warning: format '%d' expects argument of type 'int', but argument 3 has type 'uint32_t' {aka 'long unsigned int'} [-Wformat=]
   52 |    sprintf(answer, "New duration is: %d ms", get_current_duration());
      |                                      ~^      ~~~~~~~~~~~~~~~~~~~~~~
      |                                       |      |
      |                                       int    uint32_t {aka long unsigned int}
      |                                      %ld
../Core/Src/my_logic.c:57:39: warning: format '%d' expects argument of type 'int', but argument 3 has type 'uint32_t' {aka 'long unsigned int'} [-Wformat=]
   57 |    sprintf(answer, "New duration is: %d ms", get_current_duration());
      |                                      ~^      ~~~~~~~~~~~~~~~~~~~~~~
      |                                       |      |
      |                                       int    uint32_t {aka long unsigned int}
      |                                      %ld
../Core/Src/my_logic.c: In function 'read_char_by_kb1':
../Core/Src/my_logic.c:28:1: warning: control reaches end of non-void function [-Wreturn-type]
   28 | }
      | ^
make: *** [Core/Src/subdir.mk:64: Core/Src/my_logic.o] Error 1
"make -j12 all" terminated with exit code 2. Build might be incomplete.
11:45:37 **** Incremental Build of configuration Debug for project Lab-3 ****
make -j12 all 
arm-none-eabi-gcc "../Core/Src/my_logic.c" -mcpu=cortex-m4 -std=gnu11 -g3 -DDEBUG -DUSE_HAL_DRIVER -DSTM32F427xx -c -I../Core/Inc -I../Drivers/STM32F4xx_HAL_Driver/Inc -I../Drivers/STM32F4xx_HAL_Driver/Inc/Legacy -I../Drivers/CMSIS/Device/ST/STM32F4xx/Include -I../Drivers/CMSIS/Include -O0 -ffunction-sections -fdata-sections -Wall -fstack-usage -MMD -MP -MF"Core/Src/my_logic.d" -MT"Core/Src/my_logic.o" --specs=nano.specs -mfpu=fpv4-sp-d16 -mfloat-abi=hard -mthumb -o "Core/Src/my_logic.o"
In file included from ../Core/Src/my_logic.c:13:
../Core/Src/kb.c: In function 'Get_Key':
../Core/Src/kb.c:117:3: warning: implicit declaration of function 'UART_Transmit'; did you mean 'HAL_UART_Transmit'? [-Wimplicit-function-declaration]
  117 |   UART_Transmit((uint8_t*)"Error write init\n");
      |   ^~~~~~~~~~~~~
      |   HAL_UART_Transmit
../Core/Src/my_logic.c: In function 'parse_symbol_if_available':
../Core/Src/my_logic.c:19:15: warning: implicit declaration of function 'read_char_by_kb1'; did you mean 'read_char_by_uart'? [-Wimplicit-function-declaration]
   19 |  char* symb = read_char_by_kb1();
      |               ^~~~~~~~~~~~~~~~
      |               read_char_by_uart
../Core/Src/my_logic.c:19:15: warning: initialization of 'char *' from 'int' makes pointer from integer without a cast [-Wint-conversion]
../Core/Src/my_logic.c:22:2: warning: implicit declaration of function 'parse_symbol'; did you mean 'parse_number'? [-Wimplicit-function-declaration]
   22 |  parse_symbol(*symb);
      |  ^~~~~~~~~~~~
      |  parse_number
../Core/Src/my_logic.c: In function 'read_char_by_kb':
../Core/Src/my_logic.c:27:9: warning: function returns address of local variable [-Wreturn-local-addr]
   27 |  return answer;
      |         ^~~~~~
../Core/Src/my_logic.c: At top level:
../Core/Src/my_logic.c:31:6: warning: conflicting types for 'parse_symbol'
   31 | void parse_symbol(char symbol){
      |      ^~~~~~~~~~~~
../Core/Src/my_logic.c:22:2: note: previous implicit declaration of 'parse_symbol' was here
   22 |  parse_symbol(*symb);
      |  ^~~~~~~~~~~~
../Core/Src/my_logic.c: In function 'parse_symbol':
../Core/Src/my_logic.c:40:43: warning: format '%d' expects argument of type 'int', but argument 3 has type 'uint32_t' {aka 'long unsigned int'} [-Wformat=]
   40 |    sprintf(answer, "New octave_index is: %d",
      |                                          ~^
      |                                           |
      |                                           int
      |                                          %ld
   41 |      get_current_octave_number());
      |      ~~~~~~~~~~~~~~~~~~~~~~~~~~~           
      |      |
      |      uint32_t {aka long unsigned int}
../Core/Src/my_logic.c:46:43: warning: format '%d' expects argument of type 'int', but argument 3 has type 'uint32_t' {aka 'long unsigned int'} [-Wformat=]
   46 |    sprintf(answer, "New octave_index is: %d",
      |                                          ~^
      |                                           |
      |                                           int
      |                                          %ld
   47 |      get_current_octave_number());
      |      ~~~~~~~~~~~~~~~~~~~~~~~~~~~           
      |      |
      |      uint32_t {aka long unsigned int}
../Core/Src/my_logic.c:52:39: warning: format '%d' expects argument of type 'int', but argument 3 has type 'uint32_t' {aka 'long unsigned int'} [-Wformat=]
   52 |    sprintf(answer, "New duration is: %d ms", get_current_duration());
      |                                      ~^      ~~~~~~~~~~~~~~~~~~~~~~
      |                                       |      |
      |                                       int    uint32_t {aka long unsigned int}
      |                                      %ld
../Core/Src/my_logic.c:57:39: warning: format '%d' expects argument of type 'int', but argument 3 has type 'uint32_t' {aka 'long unsigned int'} [-Wformat=]
   57 |    sprintf(answer, "New duration is: %d ms", get_current_duration());
      |                                      ~^      ~~~~~~~~~~~~~~~~~~~~~~
      |                                       |      |
      |                                       int    uint32_t {aka long unsigned int}
      |                                      %ld
arm-none-eabi-gcc -o "Lab-3.elf" @"objects.list"   -mcpu=cortex-m4 -T"C:\Users\kastr\gitTrash\ITMO-DCS\Lab-3\STM32F427VITX_FLASH.ld" --specs=nosys.specs -Wl,-Map="Lab-3.map" -Wl,--gc-sections -static --specs=nano.specs -mfpu=fpv4-sp-d16 -mfloat-abi=hard -mthumb -Wl,--start-group -lc -lm -Wl,--end-group
c:\st\stm32cubeide_1.9.0\stm32cubeide\plugins\com.st.stm32cube.ide.mcu.externaltools.gnu-tools-for-stm32.10.3-2021.10.win32_1.0.0.202111181127\tools\arm-none-eabi\bin\ld.exe: ./Core/Src/my_logic.o: in function `Set_Keyboard':
C:/Users/kastr/gitTrash/ITMO-DCS/Lab-3/Debug/../Core/Src/kb.c:9: multiple definition of `Set_Keyboard'; ./Core/Src/kb.o:C:/Users/kastr/gitTrash/ITMO-DCS/Lab-3/Debug/../Core/Src/kb.c:9: first defined here
c:\st\stm32cubeide_1.9.0\stm32cubeide\plugins\com.st.stm32cube.ide.mcu.externaltools.gnu-tools-for-stm32.10.3-2021.10.win32_1.0.0.202111181127\tools\arm-none-eabi\bin\ld.exe: ./Core/Src/my_logic.o: in function `Get_Key':
C:/Users/kastr/gitTrash/ITMO-DCS/Lab-3/Debug/../Core/Src/kb.c:109: multiple definition of `Get_Key'; ./Core/Src/kb.o:C:/Users/kastr/gitTrash/ITMO-DCS/Lab-3/Debug/../Core/Src/kb.c:109: first defined here
c:\st\stm32cubeide_1.9.0\stm32cubeide\plugins\com.st.stm32cube.ide.mcu.externaltools.gnu-tools-for-stm32.10.3-2021.10.win32_1.0.0.202111181127\tools\arm-none-eabi\bin\ld.exe: ./Core/Src/my_logic.o: in function `parse_symbol_if_available':
C:/Users/kastr/gitTrash/ITMO-DCS/Lab-3/Debug/../Core/Src/my_logic.c:19: undefined reference to `read_char_by_kb1'
collect2.exe: error: ld returned 1 exit status
make: *** [makefile:64: Lab-3.elf] Error 1
"make -j12 all" terminated with exit code 2. Build might be incomplete.
11:45:49 **** Incremental Build of configuration Debug for project Lab-1 ****
make -j12 all 
arm-none-eabi-size   Lab-1.elf 
   text	   data	    bss	    dec	    hex	filename
   6716	     20	   1572	   8308	   2074	Lab-1.elf
Finished building: default.size.stdout
 
11:45:49 **** Incremental Build of configuration Debug for project Lab-2 ****
make -j12 all 
arm-none-eabi-size   Lab-2.elf 
   text	   data	    bss	    dec	    hex	filename
  21736	    164	   1876	  23776	   5ce0	Lab-2.elf
Finished building: default.size.stdout
 
11:45:49 **** Incremental Build of configuration Debug for project Lab-3 ****
make -j12 all 
arm-none-eabi-gcc -o "Lab-3.elf" @"objects.list"   -mcpu=cortex-m4 -T"C:\Users\kastr\gitTrash\ITMO-DCS\Lab-3\STM32F427VITX_FLASH.ld" --specs=nosys.specs -Wl,-Map="Lab-3.map" -Wl,--gc-sections -static --specs=nano.specs -mfpu=fpv4-sp-d16 -mfloat-abi=hard -mthumb -Wl,--start-group -lc -lm -Wl,--end-group
c:\st\stm32cubeide_1.9.0\stm32cubeide\plugins\com.st.stm32cube.ide.mcu.externaltools.gnu-tools-for-stm32.10.3-2021.10.win32_1.0.0.202111181127\tools\arm-none-eabi\bin\ld.exe: ./Core/Src/my_logic.o: in function `Set_Keyboard':
C:/Users/kastr/gitTrash/ITMO-DCS/Lab-3/Debug/../Core/Src/kb.c:9: multiple definition of `Set_Keyboard'; ./Core/Src/kb.o:C:/Users/kastr/gitTrash/ITMO-DCS/Lab-3/Debug/../Core/Src/kb.c:9: first defined here
c:\st\stm32cubeide_1.9.0\stm32cubeide\plugins\com.st.stm32cube.ide.mcu.externaltools.gnu-tools-for-stm32.10.3-2021.10.win32_1.0.0.202111181127\tools\arm-none-eabi\bin\ld.exe: ./Core/Src/my_logic.o: in function `Get_Key':
C:/Users/kastr/gitTrash/ITMO-DCS/Lab-3/Debug/../Core/Src/kb.c:109: multiple definition of `Get_Key'; ./Core/Src/kb.o:C:/Users/kastr/gitTrash/ITMO-DCS/Lab-3/Debug/../Core/Src/kb.c:109: first defined here
c:\st\stm32cubeide_1.9.0\stm32cubeide\plugins\com.st.stm32cube.ide.mcu.externaltools.gnu-tools-for-stm32.10.3-2021.10.win32_1.0.0.202111181127\tools\arm-none-eabi\bin\ld.exe: ./Core/Src/my_logic.o: in function `parse_symbol_if_available':
C:/Users/kastr/gitTrash/ITMO-DCS/Lab-3/Debug/../Core/Src/my_logic.c:19: undefined reference to `read_char_by_kb1'
collect2.exe: error: ld returned 1 exit status
make: *** [makefile:64: Lab-3.elf] Error 1
"make -j12 all" terminated with exit code 2. Build might be incomplete.
11:46:08 **** Incremental Build of configuration Debug for project Lab-1 ****
make -j12 all 
arm-none-eabi-size   Lab-1.elf 
   text	   data	    bss	    dec	    hex	filename
   6716	     20	   1572	   8308	   2074	Lab-1.elf
Finished building: default.size.stdout
 
11:46:09 **** Incremental Build of configuration Debug for project Lab-2 ****
make -j12 all 
arm-none-eabi-size   Lab-2.elf 
   text	   data	    bss	    dec	    hex	filename
  21736	    164	   1876	  23776	   5ce0	Lab-2.elf
Finished building: default.size.stdout
 
11:46:09 **** Incremental Build of configuration Debug for project Lab-3 ****
make -j12 all 
arm-none-eabi-gcc "../Core/Src/my_logic.c" -mcpu=cortex-m4 -std=gnu11 -g3 -DDEBUG -DUSE_HAL_DRIVER -DSTM32F427xx -c -I../Core/Inc -I../Drivers/STM32F4xx_HAL_Driver/Inc -I../Drivers/STM32F4xx_HAL_Driver/Inc/Legacy -I../Drivers/CMSIS/Device/ST/STM32F4xx/Include -I../Drivers/CMSIS/Include -O0 -ffunction-sections -fdata-sections -Wall -fstack-usage -MMD -MP -MF"Core/Src/my_logic.d" -MT"Core/Src/my_logic.o" --specs=nano.specs -mfpu=fpv4-sp-d16 -mfloat-abi=hard -mthumb -o "Core/Src/my_logic.o"
In file included from ../Core/Src/my_logic.c:13:
../Core/Src/kb.c: In function 'Get_Key':
../Core/Src/kb.c:117:3: warning: implicit declaration of function 'UART_Transmit'; did you mean 'HAL_UART_Transmit'? [-Wimplicit-function-declaration]
  117 |   UART_Transmit((uint8_t*)"Error write init\n");
      |   ^~~~~~~~~~~~~
      |   HAL_UART_Transmit
../Core/Src/my_logic.c: In function 'parse_symbol_if_available':
../Core/Src/my_logic.c:19:15: warning: implicit declaration of function 'read_char_by_kb'; did you mean 'read_char_by_uart'? [-Wimplicit-function-declaration]
   19 |  char* symb = read_char_by_kb();
      |               ^~~~~~~~~~~~~~~
      |               read_char_by_uart
../Core/Src/my_logic.c:19:15: warning: initialization of 'char *' from 'int' makes pointer from integer without a cast [-Wint-conversion]
../Core/Src/my_logic.c:22:2: warning: implicit declaration of function 'parse_symbol'; did you mean 'parse_number'? [-Wimplicit-function-declaration]
   22 |  parse_symbol(*symb);
      |  ^~~~~~~~~~~~
      |  parse_number
../Core/Src/my_logic.c: At top level:
../Core/Src/my_logic.c:25:7: error: conflicting types for 'read_char_by_kb'
   25 | char* read_char_by_kb() {
      |       ^~~~~~~~~~~~~~~
../Core/Src/my_logic.c:19:15: note: previous implicit declaration of 'read_char_by_kb' was here
   19 |  char* symb = read_char_by_kb();
      |               ^~~~~~~~~~~~~~~
../Core/Src/my_logic.c: In function 'read_char_by_kb':
../Core/Src/my_logic.c:27:9: warning: function returns address of local variable [-Wreturn-local-addr]
   27 |  return answer;
      |         ^~~~~~
../Core/Src/my_logic.c: At top level:
../Core/Src/my_logic.c:31:6: warning: conflicting types for 'parse_symbol'
   31 | void parse_symbol(char symbol){
      |      ^~~~~~~~~~~~
../Core/Src/my_logic.c:22:2: note: previous implicit declaration of 'parse_symbol' was here
   22 |  parse_symbol(*symb);
      |  ^~~~~~~~~~~~
../Core/Src/my_logic.c: In function 'parse_symbol':
../Core/Src/my_logic.c:40:43: warning: format '%d' expects argument of type 'int', but argument 3 has type 'uint32_t' {aka 'long unsigned int'} [-Wformat=]
   40 |    sprintf(answer, "New octave_index is: %d",
      |                                          ~^
      |                                           |
      |                                           int
      |                                          %ld
   41 |      get_current_octave_number());
      |      ~~~~~~~~~~~~~~~~~~~~~~~~~~~           
      |      |
      |      uint32_t {aka long unsigned int}
../Core/Src/my_logic.c:46:43: warning: format '%d' expects argument of type 'int', but argument 3 has type 'uint32_t' {aka 'long unsigned int'} [-Wformat=]
   46 |    sprintf(answer, "New octave_index is: %d",
      |                                          ~^
      |                                           |
      |                                           int
      |                                          %ld
   47 |      get_current_octave_number());
      |      ~~~~~~~~~~~~~~~~~~~~~~~~~~~           
      |      |
      |      uint32_t {aka long unsigned int}
../Core/Src/my_logic.c:52:39: warning: format '%d' expects argument of type 'int', but argument 3 has type 'uint32_t' {aka 'long unsigned int'} [-Wformat=]
   52 |    sprintf(answer, "New duration is: %d ms", get_current_duration());
      |                                      ~^      ~~~~~~~~~~~~~~~~~~~~~~
      |                                       |      |
      |                                       int    uint32_t {aka long unsigned int}
      |                                      %ld
../Core/Src/my_logic.c:57:39: warning: format '%d' expects argument of type 'int', but argument 3 has type 'uint32_t' {aka 'long unsigned int'} [-Wformat=]
   57 |    sprintf(answer, "New duration is: %d ms", get_current_duration());
      |                                      ~^      ~~~~~~~~~~~~~~~~~~~~~~
      |                                       |      |
      |                                       int    uint32_t {aka long unsigned int}
      |                                      %ld
make: *** [Core/Src/subdir.mk:64: Core/Src/my_logic.o] Error 1
"make -j12 all" terminated with exit code 2. Build might be incomplete.
11:47:05 **** Incremental Build of configuration Debug for project Lab-1 ****
make -j12 all 
arm-none-eabi-size   Lab-1.elf 
   text	   data	    bss	    dec	    hex	filename
   6716	     20	   1572	   8308	   2074	Lab-1.elf
Finished building: default.size.stdout
 
11:47:05 **** Incremental Build of configuration Debug for project Lab-2 ****
make -j12 all 
arm-none-eabi-size   Lab-2.elf 
   text	   data	    bss	    dec	    hex	filename
  21736	    164	   1876	  23776	   5ce0	Lab-2.elf
Finished building: default.size.stdout
 
11:47:05 **** Incremental Build of configuration Debug for project Lab-3 ****
make -j12 all 
arm-none-eabi-gcc "../Core/Src/my_logic.c" -mcpu=cortex-m4 -std=gnu11 -g3 -DDEBUG -DUSE_HAL_DRIVER -DSTM32F427xx -c -I../Core/Inc -I../Drivers/STM32F4xx_HAL_Driver/Inc -I../Drivers/STM32F4xx_HAL_Driver/Inc/Legacy -I../Drivers/CMSIS/Device/ST/STM32F4xx/Include -I../Drivers/CMSIS/Include -O0 -ffunction-sections -fdata-sections -Wall -fstack-usage -MMD -MP -MF"Core/Src/my_logic.d" -MT"Core/Src/my_logic.o" --specs=nano.specs -mfpu=fpv4-sp-d16 -mfloat-abi=hard -mthumb -o "Core/Src/my_logic.o"
In file included from ../Core/Src/my_logic.c:13:
../Core/Inc/kb.h:19:1: error: unknown type name 'HAL_StatusTypeDef'
   19 | HAL_StatusTypeDef Set_Keyboard( void );
      | ^~~~~~~~~~~~~~~~~
../Core/Src/my_logic.c: In function 'parse_symbol_if_available':
../Core/Src/my_logic.c:19:15: warning: implicit declaration of function 'read_char_by_kb'; did you mean 'read_char_by_uart'? [-Wimplicit-function-declaration]
   19 |  char* symb = read_char_by_kb();
      |               ^~~~~~~~~~~~~~~
      |               read_char_by_uart
../Core/Src/my_logic.c:19:15: warning: initialization of 'char *' from 'int' makes pointer from integer without a cast [-Wint-conversion]
../Core/Src/my_logic.c:22:2: warning: implicit declaration of function 'parse_symbol'; did you mean 'parse_number'? [-Wimplicit-function-declaration]
   22 |  parse_symbol(*symb);
      |  ^~~~~~~~~~~~
      |  parse_number
../Core/Src/my_logic.c: At top level:
../Core/Src/my_logic.c:25:7: error: conflicting types for 'read_char_by_kb'
   25 | char* read_char_by_kb() {
      |       ^~~~~~~~~~~~~~~
../Core/Src/my_logic.c:19:15: note: previous implicit declaration of 'read_char_by_kb' was here
   19 |  char* symb = read_char_by_kb();
      |               ^~~~~~~~~~~~~~~
../Core/Src/my_logic.c: In function 'read_char_by_kb':
../Core/Src/my_logic.c:27:9: warning: function returns address of local variable [-Wreturn-local-addr]
   27 |  return answer;
      |         ^~~~~~
../Core/Src/my_logic.c: At top level:
../Core/Src/my_logic.c:31:6: warning: conflicting types for 'parse_symbol'
   31 | void parse_symbol(char symbol){
      |      ^~~~~~~~~~~~
../Core/Src/my_logic.c:22:2: note: previous implicit declaration of 'parse_symbol' was here
   22 |  parse_symbol(*symb);
      |  ^~~~~~~~~~~~
../Core/Src/my_logic.c: In function 'parse_symbol':
../Core/Src/my_logic.c:40:43: warning: format '%d' expects argument of type 'int', but argument 3 has type 'uint32_t' {aka 'long unsigned int'} [-Wformat=]
   40 |    sprintf(answer, "New octave_index is: %d",
      |                                          ~^
[...]
      |      |
      |      uint32_t {aka long unsigned int}
../Core/Src/my_logic.c:86:43: warning: format '%d' expects argument of type 'int', but argument 3 has type 'uint32_t' {aka 'long unsigned int'} [-Wformat=]
   86 |    sprintf(answer, "New octave_index is: %d",
      |                                          ~^
      |                                           |
      |                                           int
      |                                          %ld
   87 |      get_current_octave_number());
      |      ~~~~~~~~~~~~~~~~~~~~~~~~~~~           
      |      |
      |      uint32_t {aka long unsigned int}
../Core/Src/my_logic.c:92:39: warning: format '%d' expects argument of type 'int', but argument 3 has type 'uint32_t' {aka 'long unsigned int'} [-Wformat=]
   92 |    sprintf(answer, "New duration is: %d ms", get_current_duration());
      |                                      ~^      ~~~~~~~~~~~~~~~~~~~~~~
      |                                       |      |
      |                                       int    uint32_t {aka long unsigned int}
      |                                      %ld
../Core/Src/my_logic.c:97:39: warning: format '%d' expects argument of type 'int', but argument 3 has type 'uint32_t' {aka 'long unsigned int'} [-Wformat=]
   97 |    sprintf(answer, "New duration is: %d ms", get_current_duration());
      |                                      ~^      ~~~~~~~~~~~~~~~~~~~~~~
      |                                       |      |
      |                                       int    uint32_t {aka long unsigned int}
      |                                      %ld
../Core/Src/my_logic.c: At top level:
../Core/Src/my_logic.c:114:6: warning: conflicting types for 'check_mode_status'
  114 | void check_mode_status() {
      |      ^~~~~~~~~~~~~~~~~
../Core/Src/my_logic.c:30:2: note: previous implicit declaration of 'check_mode_status' was here
   30 |  check_mode_status();
      |  ^~~~~~~~~~~~~~~~~
arm-none-eabi-gcc -o "Lab-3.elf" @"objects.list"   -mcpu=cortex-m4 -T"C:\Users\kastr\gitTrash\ITMO-DCS\Lab-3\STM32F427VITX_FLASH.ld" --specs=nosys.specs -Wl,-Map="Lab-3.map" -Wl,--gc-sections -static --specs=nano.specs -mfpu=fpv4-sp-d16 -mfloat-abi=hard -mthumb -Wl,--start-group -lc -lm -Wl,--end-group
Finished building target: Lab-3.elf
 
arm-none-eabi-size   Lab-3.elf 
arm-none-eabi-objdump -h -S  Lab-3.elf  > "Lab-3.list"
   text	   data	    bss	    dec	    hex	filename
  24908	    428	   2100	  27436	   6b2c	Lab-3.elf
Finished building: default.size.stdout
 
Finished building: Lab-3.list
 
14:29:33 **** Incremental Build of configuration Debug for project Lab-3 ****
make -j12 all 
arm-none-eabi-gcc "../Core/Src/my_logic.c" -mcpu=cortex-m4 -std=gnu11 -g3 -DDEBUG -DUSE_HAL_DRIVER -DSTM32F427xx -c -I../Core/Inc -I../Drivers/STM32F4xx_HAL_Driver/Inc -I../Drivers/STM32F4xx_HAL_Driver/Inc/Legacy -I../Drivers/CMSIS/Device/ST/STM32F4xx/Include -I../Drivers/CMSIS/Include -O0 -ffunction-sections -fdata-sections -Wall -fstack-usage -MMD -MP -MF"Core/Src/my_logic.d" -MT"Core/Src/my_logic.o" --specs=nano.specs -mfpu=fpv4-sp-d16 -mfloat-abi=hard -mthumb -o "Core/Src/my_logic.o"
../Core/Src/my_logic.c: In function 'parse_mode':
../Core/Src/my_logic.c:30:2: warning: implicit declaration of function 'check_mode_status' [-Wimplicit-function-declaration]
   30 |  check_mode_status();
      |  ^~~~~~~~~~~~~~~~~
../Core/Src/my_logic.c:32:3: warning: implicit declaration of function 'parse_symbol_if_available' [-Wimplicit-function-declaration]
   32 |   parse_symbol_if_available();
      |   ^~~~~~~~~~~~~~~~~~~~~~~~~
../Core/Src/my_logic.c:34:3: warning: implicit declaration of function 'parse_symbol_as_test' [-Wimplicit-function-declaration]
   34 |   parse_symbol_as_test();
      |   ^~~~~~~~~~~~~~~~~~~~
../Core/Src/my_logic.c: At top level:
../Core/Src/my_logic.c:39:6: warning: conflicting types for 'parse_symbol_if_available'
   39 | void parse_symbol_if_available() {
      |      ^~~~~~~~~~~~~~~~~~~~~~~~~
../Core/Src/my_logic.c:32:3: note: previous implicit declaration of 'parse_symbol_if_available' was here
   32 |   parse_symbol_if_available();
      |   ^~~~~~~~~~~~~~~~~~~~~~~~~
../Core/Src/my_logic.c: In function 'parse_symbol_if_available':
../Core/Src/my_logic.c:43:4: warning: implicit declaration of function 'parse_symbol'; did you mean 'parse_number'? [-Wimplicit-function-declaration]
   43 |    parse_symbol(key + '0');
      |    ^~~~~~~~~~~~
      |    parse_number
../Core/Src/my_logic.c: At top level:
../Core/Src/my_logic.c:59:6: warning: conflicting types for 'parse_symbol_as_test'
   59 | void parse_symbol_as_test() {
      |      ^~~~~~~~~~~~~~~~~~~~
../Core/Src/my_logic.c:34:3: note: previous implicit declaration of 'parse_symbol_as_test' was here
   34 |   parse_symbol_as_test();
      |   ^~~~~~~~~~~~~~~~~~~~
../Core/Src/my_logic.c:73:6: warning: conflicting types for 'parse_symbol'
   73 | void parse_symbol(char symbol) {
      |      ^~~~~~~~~~~~
../Core/Src/my_logic.c:43:4: note: previous implicit declaration of 'parse_symbol' was here
   43 |    parse_symbol(key + '0');
      |    ^~~~~~~~~~~~
../Core/Src/my_logic.c: In function 'parse_symbol':
../Core/Src/my_logic.c:82:43: warning: format '%d' expects argument of type 'int', but argument 3 has type 'uint32_t' {aka 'long unsigned int'} [-Wformat=]
   82 |    sprintf(answer, "New octave_index is: %d",
      |                                          ~^
      |                                           |
      |                                           int
      |                                          %ld
   83 |      get_current_octave_number());
      |      ~~~~~~~~~~~~~~~~~~~~~~~~~~~           
      |      |
      |      uint32_t {aka long unsigned int}
../Core/Src/my_logic.c:88:43: warning: format '%d' expects argument of type 'int', but argument 3 has type 'uint32_t' {aka 'long unsigned int'} [-Wformat=]
   88 |    sprintf(answer, "New octave_index is: %d",
      |                                          ~^
      |                                           |
      |                                           int
      |                                          %ld
   89 |      get_current_octave_number());
      |      ~~~~~~~~~~~~~~~~~~~~~~~~~~~           
      |      |
      |      uint32_t {aka long unsigned int}
../Core/Src/my_logic.c:94:39: warning: format '%d' expects argument of type 'int', but argument 3 has type 'uint32_t' {aka 'long unsigned int'} [-Wformat=]
   94 |    sprintf(answer, "New duration is: %d ms", get_current_duration());
      |                                      ~^      ~~~~~~~~~~~~~~~~~~~~~~
      |                                       |      |
      |                                       int    uint32_t {aka long unsigned int}
      |                                      %ld
../Core/Src/my_logic.c:99:39: warning: format '%d' expects argument of type 'int', but argument 3 has type 'uint32_t' {aka 'long unsigned int'} [-Wformat=]
   99 |    sprintf(answer, "New duration is: %d ms", get_current_duration());
      |                                      ~^      ~~~~~~~~~~~~~~~~~~~~~~
      |                                       |      |
      |                                       int    uint32_t {aka long unsigned int}
      |                                      %ld
../Core/Src/my_logic.c: At top level:
../Core/Src/my_logic.c:116:6: warning: conflicting types for 'check_mode_status'
  116 | void check_mode_status() {
      |      ^~~~~~~~~~~~~~~~~
../Core/Src/my_logic.c:30:2: note: previous implicit declaration of 'check_mode_status' was here
   30 |  check_mode_status();
      |  ^~~~~~~~~~~~~~~~~
arm-none-eabi-gcc -o "Lab-3.elf" @"objects.list"   -mcpu=cortex-m4 -T"C:\Users\kastr\gitTrash\ITMO-DCS\Lab-3\STM32F427VITX_FLASH.ld" --specs=nosys.specs -Wl,-Map="Lab-3.map" -Wl,--gc-sections -static --specs=nano.specs -mfpu=fpv4-sp-d16 -mfloat-abi=hard -mthumb -Wl,--start-group -lc -lm -Wl,--end-group
Finished building target: Lab-3.elf
 
arm-none-eabi-size   Lab-3.elf 
arm-none-eabi-objdump -h -S  Lab-3.elf  > "Lab-3.list"
   text	   data	    bss	    dec	    hex	filename
  24908	    428	   2100	  27436	   6b2c	Lab-3.elf
Finished building: default.size.stdout
 
Finished building: Lab-3.list
 
14:30:27 **** Incremental Build of configuration Debug for project Lab-3 ****
make -j12 all 
arm-none-eabi-size   Lab-3.elf 
   text	   data	    bss	    dec	    hex	filename
  24908	    428	   2100	  27436	   6b2c	Lab-3.elf
Finished building: default.size.stdout
 
14:32:14 **** Incremental Build of configuration Debug for project Lab-3 ****
make -j12 all 
arm-none-eabi-gcc "../Core/Src/my_logic.c" -mcpu=cortex-m4 -std=gnu11 -g3 -DDEBUG -DUSE_HAL_DRIVER -DSTM32F427xx -c -I../Core/Inc -I../Drivers/STM32F4xx_HAL_Driver/Inc -I../Drivers/STM32F4xx_HAL_Driver/Inc/Legacy -I../Drivers/CMSIS/Device/ST/STM32F4xx/Include -I../Drivers/CMSIS/Include -O0 -ffunction-sections -fdata-sections -Wall -fstack-usage -MMD -MP -MF"Core/Src/my_logic.d" -MT"Core/Src/my_logic.o" --specs=nano.specs -mfpu=fpv4-sp-d16 -mfloat-abi=hard -mthumb -o "Core/Src/my_logic.o"
../Core/Src/my_logic.c: In function 'parse_mode':
../Core/Src/my_logic.c:30:2: warning: implicit declaration of function 'check_mode_status' [-Wimplicit-function-declaration]
   30 |  check_mode_status();
      |  ^~~~~~~~~~~~~~~~~
../Core/Src/my_logic.c:32:3: warning: implicit declaration of function 'parse_symbol_if_available' [-Wimplicit-function-declaration]
   32 |   parse_symbol_if_available();
      |   ^~~~~~~~~~~~~~~~~~~~~~~~~
../Core/Src/my_logic.c:34:3: warning: implicit declaration of function 'parse_symbol_as_test' [-Wimplicit-function-declaration]
   34 |   parse_symbol_as_test();
      |   ^~~~~~~~~~~~~~~~~~~~
../Core/Src/my_logic.c: At top level:
../Core/Src/my_logic.c:39:6: warning: conflicting types for 'parse_symbol_if_available'
   39 | void parse_symbol_if_available() {
      |      ^~~~~~~~~~~~~~~~~~~~~~~~~
../Core/Src/my_logic.c:32:3: note: previous implicit declaration of 'parse_symbol_if_available' was here
   32 |   parse_symbol_if_available();
      |   ^~~~~~~~~~~~~~~~~~~~~~~~~
../Core/Src/my_logic.c: In function 'parse_symbol_if_available':
../Core/Src/my_logic.c:43:4: warning: implicit declaration of function 'parse_symbol'; did you mean 'parse_number'? [-Wimplicit-function-declaration]
   43 |    parse_symbol(key + '0');
      |    ^~~~~~~~~~~~
      |    parse_number
../Core/Src/my_logic.c: At top level:
../Core/Src/my_logic.c:59:6: warning: conflicting types for 'parse_symbol_as_test'
   59 | void parse_symbol_as_test() {
      |      ^~~~~~~~~~~~~~~~~~~~
../Core/Src/my_logic.c:34:3: note: previous implicit declaration of 'parse_symbol_as_test' was here
   34 |   parse_symbol_as_test();
      |   ^~~~~~~~~~~~~~~~~~~~
../Core/Src/my_logic.c:73:6: warning: conflicting types for 'parse_symbol'
   73 | void parse_symbol(char symbol) {
      |      ^~~~~~~~~~~~
../Core/Src/my_logic.c:43:4: note: previous implicit declaration of 'parse_symbol' was here
   43 |    parse_symbol(key + '0');
      |    ^~~~~~~~~~~~
../Core/Src/my_logic.c: In function 'parse_symbol':
../Core/Src/my_logic.c:82:43: warning: format '%d' expects argument of type 'int', but argument 3 has type 'uint32_t' {aka 'long unsigned int'} [-Wformat=]
   82 |    sprintf(answer, "New octave_index is: %d",
      |                                          ~^
      |                                           |
      |                                           int
      |                                          %ld
   83 |      get_current_octave_number());
      |      ~~~~~~~~~~~~~~~~~~~~~~~~~~~           
      |      |
      |      uint32_t {aka long unsigned int}
../Core/Src/my_logic.c:88:43: warning: format '%d' expects argument of type 'int', but argument 3 has type 'uint32_t' {aka 'long unsigned int'} [-Wformat=]
   88 |    sprintf(answer, "New octave_index is: %d",
      |                                          ~^
      |                                           |
      |                                           int
      |                                          %ld
   89 |      get_current_octave_number());
      |      ~~~~~~~~~~~~~~~~~~~~~~~~~~~           
      |      |
      |      uint32_t {aka long unsigned int}
../Core/Src/my_logic.c:94:39: warning: format '%d' expects argument of type 'int', but argument 3 has type 'uint32_t' {aka 'long unsigned int'} [-Wformat=]
   94 |    sprintf(answer, "New duration is: %d ms", get_current_duration());
      |                                      ~^      ~~~~~~~~~~~~~~~~~~~~~~
      |                                       |      |
      |                                       int    uint32_t {aka long unsigned int}
      |                                      %ld
../Core/Src/my_logic.c:99:39: warning: format '%d' expects argument of type 'int', but argument 3 has type 'uint32_t' {aka 'long unsigned int'} [-Wformat=]
   99 |    sprintf(answer, "New duration is: %d ms", get_current_duration());
      |                                      ~^      ~~~~~~~~~~~~~~~~~~~~~~
      |                                       |      |
      |                                       int    uint32_t {aka long unsigned int}
      |                                      %ld
../Core/Src/my_logic.c: At top level:
../Core/Src/my_logic.c:116:6: warning: conflicting types for 'check_mode_status'
  116 | void check_mode_status() {
      |      ^~~~~~~~~~~~~~~~~
../Core/Src/my_logic.c:30:2: note: previous implicit declaration of 'check_mode_status' was here
   30 |  check_mode_status();
      |  ^~~~~~~~~~~~~~~~~
arm-none-eabi-gcc -o "Lab-3.elf" @"objects.list"   -mcpu=cortex-m4 -T"C:\Users\kastr\gitTrash\ITMO-DCS\Lab-3\STM32F427VITX_FLASH.ld" --specs=nosys.specs -Wl,-Map="Lab-3.map" -Wl,--gc-sections -static --specs=nano.specs -mfpu=fpv4-sp-d16 -mfloat-abi=hard -mthumb -Wl,--start-group -lc -lm -Wl,--end-group
Finished building target: Lab-3.elf
 
arm-none-eabi-size   Lab-3.elf 
arm-none-eabi-objdump -h -S  Lab-3.elf  > "Lab-3.list"
   text	   data	    bss	    dec	    hex	filename
  24900	    428	   2100	  27428	   6b24	Lab-3.elf
Finished building: default.size.stdout
 
Finished building: Lab-3.list
 
14:33:23 **** Incremental Build of configuration Debug for project Lab-3 ****
make -j12 all 
arm-none-eabi-gcc "../Core/Src/my_logic.c" -mcpu=cortex-m4 -std=gnu11 -g3 -DDEBUG -DUSE_HAL_DRIVER -DSTM32F427xx -c -I../Core/Inc -I../Drivers/STM32F4xx_HAL_Driver/Inc -I../Drivers/STM32F4xx_HAL_Driver/Inc/Legacy -I../Drivers/CMSIS/Device/ST/STM32F4xx/Include -I../Drivers/CMSIS/Include -O0 -ffunction-sections -fdata-sections -Wall -fstack-usage -MMD -MP -MF"Core/Src/my_logic.d" -MT"Core/Src/my_logic.o" --specs=nano.specs -mfpu=fpv4-sp-d16 -mfloat-abi=hard -mthumb -o "Core/Src/my_logic.o"
../Core/Src/my_logic.c: In function 'parse_mode':
../Core/Src/my_logic.c:30:2: warning: implicit declaration of function 'check_mode_status' [-Wimplicit-function-declaration]
   30 |  check_mode_status();
      |  ^~~~~~~~~~~~~~~~~
../Core/Src/my_logic.c:32:3: warning: implicit declaration of function 'parse_symbol_if_available' [-Wimplicit-function-declaration]
   32 |   parse_symbol_if_available();
      |   ^~~~~~~~~~~~~~~~~~~~~~~~~
../Core/Src/my_logic.c:34:3: warning: implicit declaration of function 'parse_symbol_as_test' [-Wimplicit-function-declaration]
   34 |   parse_symbol_as_test();
      |   ^~~~~~~~~~~~~~~~~~~~
../Core/Src/my_logic.c: At top level:
../Core/Src/my_logic.c:39:6: warning: conflicting types for 'parse_symbol_if_available'
   39 | void parse_symbol_if_available() {
      |      ^~~~~~~~~~~~~~~~~~~~~~~~~
../Core/Src/my_logic.c:32:3: note: previous implicit declaration of 'parse_symbol_if_available' was here
   32 |   parse_symbol_if_available();
      |   ^~~~~~~~~~~~~~~~~~~~~~~~~
../Core/Src/my_logic.c: In function 'parse_symbol_if_available':
../Core/Src/my_logic.c:43:4: warning: implicit declaration of function 'parse_symbol'; did you mean 'parse_number'? [-Wimplicit-function-declaration]
   43 |    parse_symbol(key + '0');
      |    ^~~~~~~~~~~~
      |    parse_number
../Core/Src/my_logic.c: At top level:
../Core/Src/my_logic.c:59:6: warning: conflicting types for 'parse_symbol_as_test'
   59 | void parse_symbol_as_test() {
      |      ^~~~~~~~~~~~~~~~~~~~
../Core/Src/my_logic.c:34:3: note: previous implicit declaration of 'parse_symbol_as_test' was here
   34 |   parse_symbol_as_test();
      |   ^~~~~~~~~~~~~~~~~~~~
../Core/Src/my_logic.c:73:6: warning: conflicting types for 'parse_symbol'
   73 | void parse_symbol(char symbol) {
      |      ^~~~~~~~~~~~
../Core/Src/my_logic.c:43:4: note: previous implicit declaration of 'parse_symbol' was here
   43 |    parse_symbol(key + '0');
      |    ^~~~~~~~~~~~
../Core/Src/my_logic.c: In function 'parse_symbol':
../Core/Src/my_logic.c:82:43: warning: format '%d' expects argument of type 'int', but argument 3 has type 'uint32_t' {aka 'long unsigned int'} [-Wformat=]
   82 |    sprintf(answer, "New octave_index is: %d",
      |                                          ~^
      |                                           |
      |                                           int
      |                                          %ld
   83 |      get_current_octave_number());
      |      ~~~~~~~~~~~~~~~~~~~~~~~~~~~           
      |      |
      |      uint32_t {aka long unsigned int}
../Core/Src/my_logic.c:88:43: warning: format '%d' expects argument of type 'int', but argument 3 has type 'uint32_t' {aka 'long unsigned int'} [-Wformat=]
   88 |    sprintf(answer, "New octave_index is: %d",
      |                                          ~^
      |                                           |
      |                                           int
      |                                          %ld
   89 |      get_current_octave_number());
      |      ~~~~~~~~~~~~~~~~~~~~~~~~~~~           
      |      |
      |      uint32_t {aka long unsigned int}
../Core/Src/my_logic.c:94:39: warning: format '%d' expects argument of type 'int', but argument 3 has type 'uint32_t' {aka 'long unsigned int'} [-Wformat=]
   94 |    sprintf(answer, "New duration is: %d ms", get_current_duration());
      |                                      ~^      ~~~~~~~~~~~~~~~~~~~~~~
      |                                       |      |
      |                                       int    uint32_t {aka long unsigned int}
      |                                      %ld
../Core/Src/my_logic.c:99:39: warning: format '%d' expects argument of type 'int', but argument 3 has type 'uint32_t' {aka 'long unsigned int'} [-Wformat=]
   99 |    sprintf(answer, "New duration is: %d ms", get_current_duration());
      |                                      ~^      ~~~~~~~~~~~~~~~~~~~~~~
      |                                       |      |
      |                                       int    uint32_t {aka long unsigned int}
      |                                      %ld
../Core/Src/my_logic.c: At top level:
../Core/Src/my_logic.c:116:6: warning: conflicting types for 'check_mode_status'
  116 | void check_mode_status() {
      |      ^~~~~~~~~~~~~~~~~
../Core/Src/my_logic.c:30:2: note: previous implicit declaration of 'check_mode_status' was here
   30 |  check_mode_status();
      |  ^~~~~~~~~~~~~~~~~
arm-none-eabi-gcc -o "Lab-3.elf" @"objects.list"   -mcpu=cortex-m4 -T"C:\Users\kastr\gitTrash\ITMO-DCS\Lab-3\STM32F427VITX_FLASH.ld" --specs=nosys.specs -Wl,-Map="Lab-3.map" -Wl,--gc-sections -static --specs=nano.specs -mfpu=fpv4-sp-d16 -mfloat-abi=hard -mthumb -Wl,--start-group -lc -lm -Wl,--end-group
Finished building target: Lab-3.elf
 
arm-none-eabi-size   Lab-3.elf 
arm-none-eabi-objdump -h -S  Lab-3.elf  > "Lab-3.list"
   text	   data	    bss	    dec	    hex	filename
  24908	    428	   2100	  27436	   6b2c	Lab-3.elf
Finished building: default.size.stdout
 
Finished building: Lab-3.list
 
